Archive member included to satisfy reference by file (symbol)

/usr/share/segger_embedded_studio_for_arm_4.16/lib/libc_v7em_fpv4_sp_d16_hard_t_le_eabi.a(libc_asm.o)
                              Output/ble_app_uart_pca10040_s132 nrf52832_xxaa/Obj/bsp.o (__aeabi_uldivmod)
/usr/share/segger_embedded_studio_for_arm_4.16/lib/libc_v7em_fpv4_sp_d16_hard_t_le_eabi.a(libc2.o)
                              Output/ble_app_uart_pca10040_s132 nrf52832_xxaa/Obj/nrf_log_backend_serial.o (isprint)
/usr/share/segger_embedded_studio_for_arm_4.16/lib/libc_v7em_fpv4_sp_d16_hard_t_le_eabi.a(libc2_asm.o)
                              Output/ble_app_uart_pca10040_s132 nrf52832_xxaa/Obj/main.o (memcpy)
/usr/share/segger_embedded_studio_for_arm_4.16/lib/libdebugio_v7em_fpv4_sp_d16_hard_t_le_eabi.a(libdebugio.o)
                              Output/ble_app_uart_pca10040_s132 nrf52832_xxaa/Obj/thumb_crt0.o (debug_fopen)
/usr/share/segger_embedded_studio_for_arm_4.16/lib/libdebugio_mempoll_v7em_fpv4_sp_d16_hard_t_le_eabi.a(mempoll_debug_operations.o)
                              /usr/share/segger_embedded_studio_for_arm_4.16/lib/libdebugio_v7em_fpv4_sp_d16_hard_t_le_eabi.a(libdebugio.o) (__do_debug_operation)
/usr/share/segger_embedded_studio_for_arm_4.16/lib/libdebugio_mempoll_v7em_fpv4_sp_d16_hard_t_le_eabi.a(do_nv_debug_operation.o)
                              /usr/share/segger_embedded_studio_for_arm_4.16/lib/libdebugio_v7em_fpv4_sp_d16_hard_t_le_eabi.a(libdebugio.o) (__do_nvdebug_operation)
/usr/share/segger_embedded_studio_for_arm_4.16/lib/libm_v7em_fpv4_sp_d16_hard_t_le_eabi.a(libm_asm.o)
                              /usr/share/segger_embedded_studio_for_arm_4.16/lib/libc_v7em_fpv4_sp_d16_hard_t_le_eabi.a(libc2.o) (__aeabi_i2d)
/usr/share/segger_embedded_studio_for_arm_4.16/lib/libm_v7em_fpv4_sp_d16_hard_t_le_eabi.a(libm2.o)
                              /usr/share/segger_embedded_studio_for_arm_4.16/lib/libvfprintf_v7em_fpv4_sp_d16_hard_t_le_eabi.o (frexp)
/usr/share/segger_embedded_studio_for_arm_4.16/lib/libm_v7em_fpv4_sp_d16_hard_t_le_eabi.a(libm2_asm.o)
                              /usr/share/segger_embedded_studio_for_arm_4.16/lib/libm_v7em_fpv4_sp_d16_hard_t_le_eabi.a(libm2.o) (fabs)

Discarded input sections

 .text          0x0000000000000000        0x0 Output/ble_app_uart_pca10040_s132 nrf52832_xxaa/Obj/ses_nrf52_startup.o
 .data          0x0000000000000000        0x0 Output/ble_app_uart_pca10040_s132 nrf52832_xxaa/Obj/ses_nrf52_startup.o
 .bss           0x0000000000000000        0x0 Output/ble_app_uart_pca10040_s132 nrf52832_xxaa/Obj/ses_nrf52_startup.o
 .text          0x0000000000000000        0x0 Output/ble_app_uart_pca10040_s132 nrf52832_xxaa/Obj/thumb_crt0.o
 .data          0x0000000000000000        0x0 Output/ble_app_uart_pca10040_s132 nrf52832_xxaa/Obj/thumb_crt0.o
 .bss           0x0000000000000000        0x0 Output/ble_app_uart_pca10040_s132 nrf52832_xxaa/Obj/thumb_crt0.o
 .text.__aeabi_read_tp
                0x0000000000000000        0x8 Output/ble_app_uart_pca10040_s132 nrf52832_xxaa/Obj/thumb_crt0.o
 .text.__heap_lock
                0x0000000000000000        0x2 Output/ble_app_uart_pca10040_s132 nrf52832_xxaa/Obj/thumb_crt0.o
 .text.__heap_unlock
                0x0000000000000000        0x2 Output/ble_app_uart_pca10040_s132 nrf52832_xxaa/Obj/thumb_crt0.o
 .text.__scanf_lock
                0x0000000000000000        0x2 Output/ble_app_uart_pca10040_s132 nrf52832_xxaa/Obj/thumb_crt0.o
 .text.__scanf_unlock
                0x0000000000000000        0x2 Output/ble_app_uart_pca10040_s132 nrf52832_xxaa/Obj/thumb_crt0.o
 .text.abort    0x0000000000000000        0x2 Output/ble_app_uart_pca10040_s132 nrf52832_xxaa/Obj/thumb_crt0.o
 .text.__assert
                0x0000000000000000        0x2 Output/ble_app_uart_pca10040_s132 nrf52832_xxaa/Obj/thumb_crt0.o
 .text.__aeabi_assert
                0x0000000000000000        0x2 Output/ble_app_uart_pca10040_s132 nrf52832_xxaa/Obj/thumb_crt0.o
 .text.__cxa_pure_virtual
                0x0000000000000000        0x2 Output/ble_app_uart_pca10040_s132 nrf52832_xxaa/Obj/thumb_crt0.o
 .text.__cxa_guard_acquire
                0x0000000000000000       0x10 Output/ble_app_uart_pca10040_s132 nrf52832_xxaa/Obj/thumb_crt0.o
 .text.__cxa_guard_release
                0x0000000000000000        0x6 Output/ble_app_uart_pca10040_s132 nrf52832_xxaa/Obj/thumb_crt0.o
 .text.__cxa_guard_abort
                0x0000000000000000        0x2 Output/ble_app_uart_pca10040_s132 nrf52832_xxaa/Obj/thumb_crt0.o
 .text.__sync_synchronize
                0x0000000000000000        0x2 Output/ble_app_uart_pca10040_s132 nrf52832_xxaa/Obj/thumb_crt0.o
 .text.__getchar
                0x0000000000000000        0x4 Output/ble_app_uart_pca10040_s132 nrf52832_xxaa/Obj/thumb_crt0.o
 .text.__open   0x0000000000000000        0x4 Output/ble_app_uart_pca10040_s132 nrf52832_xxaa/Obj/thumb_crt0.o
 .text.__close  0x0000000000000000        0x4 Output/ble_app_uart_pca10040_s132 nrf52832_xxaa/Obj/thumb_crt0.o
[...]
Memory Configuration

Name             Origin             Length             Attributes
UNPLACED_SECTIONS 0x0000000100000000 0x0000000000000000 xw
FLASH            0x0000000000000000 0x0000000000080000 xr
RAM              0x0000000020000000 0x0000000000010000 xw
*default*        0x0000000000000000 0xffffffffffffffff

Linker script and memory map

                0x0000000000026838                __vfprintf = __vfprintf_long
                0x0000000000000000                __vfscanf = __vfscanf_int
                0x0000000000000000                __FLASH_segment_start__ = 0x0
                0x0000000000080000                __FLASH_segment_end__ = 0x80000
                0x0000000000080000                __FLASH_segment_size__ = 0x80000
                0x0000000020000000                __RAM_segment_start__ = 0x20000000
                0x0000000020010000                __RAM_segment_end__ = 0x20010000
                0x0000000000010000                __RAM_segment_size__ = 0x10000
                0x0000000000000400                __HEAPSIZE__ = 0x400
                0x0000000000000000                __STACKSIZE_PROCESS__ = 0x0
                0x0000000000000400                __STACKSIZE__ = 0x400
                0x00000000200025f8                __vectors_ram_load_start__ = 0x200025f8

.vectors_ram    0x00000000200025f8        0x0
                0x00000000200025f8                __vectors_ram_start__ = .
 *(.vectors_ram .vectors_ram.*)
                0x00000000200025f8                __vectors_ram_end__ = (__vectors_ram_start__ + SIZEOF (.vectors_ram))
                0x0000000000000000                __vectors_ram_size__ = SIZEOF (.vectors_ram)
                0x00000000200025f8                __vectors_ram_load_end__ = __vectors_ram_end__
                0x0000000000000001                . = ASSERT (((__vectors_ram_start__ == __vectors_ram_end__) || ((__vectors_ram_end__ - __RAM_segment_start__) <= __RAM_segment_size__)), error: .vectors_ram is too large to fit in RAM memory segment)
                0x000000000001f000                __vectors_load_start__ = 0x1f000

.vectors        0x000000000001f000       0xd8
                0x000000000001f000                __vectors_start__ = .
 *(.vectors .vectors.*)
 .vectors       0x000000000001f000       0xd8 Output/ble_app_uart_pca10040_s132 nrf52832_xxaa/Obj/ses_nrf52_startup.o
                0x000000000001f000                _vectors
                0x000000000001f0d8                __vectors_end__ = (__vectors_start__ + SIZEOF (.vectors))
                0x00000000000000d8                __vectors_size__ = SIZEOF (.vectors)
                0x000000000001f0d8                __vectors_load_end__ = __vectors_end__
                0x0000000000000001                . = ASSERT (((__vectors_start__ == __vectors_end__) || ((__vectors_end__ - __FLASH_segment_start__) <= __FLASH_segment_size__)), error: .vectors is too large to fit in FLASH memory segment)
                0x000000000001f0d8                __init_load_start__ = ALIGN (__vectors_end__, 0x4)

.init           0x000000000001f0d8      0x1d8
                0x000000000001f0d8                __init_start__ = .
 *(.init .init.*)
 .init          0x000000000001f0d8       0x6c Output/ble_app_uart_pca10040_s132 nrf52832_xxaa/Obj/ses_nrf52_startup.o
                0x000000000001f0d8                NMI_Handler
                0x000000000001f0da                HardFault_Handler
                0x000000000001f0dc                MemoryManagement_Handler
                0x000000000001f0de                BusFault_Handler
                0x000000000001f0e0                UsageFault_Handler
                0x000000000001f0e2                SVC_Handler
                0x000000000001f0e4                DebugMon_Handler
                0x000000000001f0e6                PendSV_Handler
                0x000000000001f0e8                SysTick_Handler
                0x000000000001f0ec                RADIO_IRQHandler
                0x000000000001f0f0                SPIM0_SPIS0_TWIM0_TWIS0_SPI0_TWI0_IRQHandler
                0x000000000001f0f2                SPIM1_SPIS1_TWIM1_TWIS1_SPI1_TWI1_IRQHandler
                0x000000000001f0f4                NFCT_IRQHandler
                0x000000000001f0f8                SAADC_IRQHandler
                0x000000000001f0fa                TIMER0_IRQHandler
                0x000000000001f0fc                TIMER1_IRQHandler
                0x000000000001f0fe                TIMER2_IRQHandler
                0x000000000001f100                RTC0_IRQHandler
                0x000000000001f102                TEMP_IRQHandler
                0x000000000001f104                RNG_IRQHandler
                0x000000000001f106                ECB_IRQHandler
                0x000000000001f108                CCM_AAR_IRQHandler
                0x000000000001f10a                WDT_IRQHandler
                0x000000000001f10e                QDEC_IRQHandler
                0x000000000001f110                COMP_LPCOMP_IRQHandler
                0x000000000001f114                SWI1_EGU1_IRQHandler
                0x000000000001f118                SWI3_EGU3_IRQHandler
                0x000000000001f11a                SWI4_EGU4_IRQHandler
                0x000000000001f11c                SWI5_EGU5_IRQHandler
                0x000000000001f11e                TIMER3_IRQHandler
                0x000000000001f120                TIMER4_IRQHandler
                0x000000000001f122                PWM0_IRQHandler
                0x000000000001f124                PDM_IRQHandler
                0x000000000001f126                MWU_IRQHandler
                0x000000000001f128                PWM1_IRQHandler
                0x000000000001f12a                PWM2_IRQHandler
                0x000000000001f12c                SPIM2_SPIS2_SPI2_IRQHandler
                0x000000000001f12e                RTC2_IRQHandler
                0x000000000001f130                I2S_IRQHandler
                0x000000000001f132                reset_handler
 .init          0x000000000001f144      0x16c Output/ble_app_uart_pca10040_s132 nrf52832_xxaa/Obj/thumb_crt0.o
                0x000000000001f144                _start
                0x000000000001f200                exit
                0x000000000001f2b0                __init_end__ = (__init_start__ + SIZEOF (.init))
                0x00000000000001d8                __init_size__ = SIZEOF (.init)
                0x000000000001f2b0                __init_load_end__ = __init_end__
                0x0000000000000001                . = ASSERT (((__init_start__ == __init_end__) || ((__init_end__ - __FLASH_segment_start__) <= __FLASH_segment_size__)), error: .init is too large to fit in FLASH memory segment)
                0x000000000001f2b0                __init_rodata_load_start__ = ALIGN (__init_end__, 0x4)

.init_rodata    0x000000000001f2b0        0x0
                0x000000000001f2b0                __init_rodata_start__ = .
 *(.init_rodata .init_rodata.*)
                0x000000000001f2b0                __init_rodata_end__ = (__init_rodata_start__ + SIZEOF (.init_rodata))
                0x0000000000000000                __init_rodata_size__ = SIZEOF (.init_rodata)
                0x000000000001f2b0                __init_rodata_load_end__ = __init_rodata_end__
                0x0000000000000001                . = ASSERT (((__init_rodata_start__ == __init_rodata_end__) || ((__init_rodata_end__ - __FLASH_segment_start__) <= __FLASH_segment_size__)), error: .init_rodata is too large to fit in FLASH memory segment)
                0x000000000001f2b0                __text_load_start__ = ALIGN (__init_rodata_end__, 0x4)

.text           0x000000000001f2b0     0x7d04
                0x000000000001f2b0                __text_start__ = .
 *(.text .text.* .glue_7t .glue_7 .gnu.linkonce.t.* .gcc_except_table .ARM.extab* .gnu.linkonce.armextab.*)
 .glue_7        0x000000000001f2b0        0x0 linker stubs
 .glue_7t       0x000000000001f2b0        0x0 linker stubs
 .text.__printf_lock
                0x000000000001f2b0        0x2 Output/ble_app_uart_pca10040_s132 nrf52832_xxaa/Obj/thumb_crt0.o
                0x000000000001f2b0                __printf_lock
 .text.__printf_unlock
                0x000000000001f2b2        0x2 Output/ble_app_uart_pca10040_s132 nrf52832_xxaa/Obj/thumb_crt0.o
                0x000000000001f2b2                __printf_unlock
 .text.__debug_io_lock
                0x000000000001f2b4        0x2 Output/ble_app_uart_pca10040_s132 nrf52832_xxaa/Obj/thumb_crt0.o
                0x000000000001f2b4                __debug_io_lock
 .text.__debug_io_unlock
                0x000000000001f2b6        0x2 Output/ble_app_uart_pca10040_s132 nrf52832_xxaa/Obj/thumb_crt0.o
                0x000000000001f2b6                __debug_io_unlock
 .text.__putchar
                0x000000000001f2b8        0x4 Output/ble_app_uart_pca10040_s132 nrf52832_xxaa/Obj/thumb_crt0.o
                0x000000000001f2b8                __putchar
 .text.SystemCoreClockUpdate
                0x000000000001f2bc       0x14 Output/ble_app_uart_pca10040_s132 nrf52832_xxaa/Obj/system_nrf52.o
                0x000000000001f2bc                SystemCoreClockUpdate
 .text.SystemInit
                0x000000000001f2d0      0x220 Output/ble_app_uart_pca10040_s132 nrf52832_xxaa/Obj/system_nrf52.o
                0x000000000001f2d0                SystemInit
 .text.errata_12
                0x000000000001f4f0       0x58 Output/ble_app_uart_pca10040_s132 nrf52832_xxaa/Obj/system_nrf52.o
 .text.errata_16
                0x000000000001f548       0x38 Output/ble_app_uart_pca10040_s132 nrf52832_xxaa/Obj/system_nrf52.o
 .text.errata_31
                0x000000000001f580       0x58 Output/ble_app_uart_pca10040_s132 nrf52832_xxaa/Obj/system_nrf52.o
 .text.errata_32
                0x000000000001f5d8       0x38 Output/ble_app_uart_pca10040_s132 nrf52832_xxaa/Obj/system_nrf52.o
 .text.errata_36
                0x000000000001f610       0x58 Output/ble_app_uart_pca10040_s132 nrf52832_xxaa/Obj/system_nrf52.o
 .text.errata_37
                0x000000000001f668       0x38 Output/ble_app_uart_pca10040_s132 nrf52832_xxaa/Obj/system_nrf52.o
 .text.errata_57
                0x000000000001f6a0       0x38 Output/ble_app_uart_pca10040_s132 nrf52832_xxaa/Obj/system_nrf52.o
 .text.errata_66
                0x000000000001f6d8       0x38 Output/ble_app_uart_pca10040_s132 nrf52832_xxaa/Obj/system_nrf52.o
 .text.errata_108
                0x000000000001f710       0x58 Output/ble_app_uart_pca10040_s132 nrf52832_xxaa/Obj/system_nrf52.o
 .text.sd_ble_gap_disconnect
                0x000000000001f768        0x8 Output/ble_app_uart_pca10040_s132 nrf52832_xxaa/Obj/main.o
 .text.sd_ble_gap_ppcp_set
                0x000000000001f770        0x8 Output/ble_app_uart_pca10040_s132 nrf52832_xxaa/Obj/main.o
 .text.sd_ble_gap_device_name_set
                0x000000000001f778        0x8 Output/ble_app_uart_pca10040_s132 nrf52832_xxaa/Obj/main.o
 .text.sd_ble_gap_sec_params_reply
                0x000000000001f780        0x8 Output/ble_app_uart_pca10040_s132 nrf52832_xxaa/Obj/main.o
 .text.sd_ble_gap_data_length_update
                0x000000000001f788        0x8 Output/ble_app_uart_pca10040_s132 nrf52832_xxaa/Obj/main.o
 .text.sd_ble_gatts_rw_authorize_reply
                0x000000000001f790        0x8 Output/ble_app_uart_pca10040_s132 nrf52832_xxaa/Obj/main.o
 .text.sd_ble_gatts_sys_attr_set
                0x000000000001f798        0x8 Output/ble_app_uart_pca10040_s132 nrf52832_xxaa/Obj/main.o
 .text.sd_ble_cfg_set
                0x000000000001f7a0        0x8 Output/ble_app_uart_pca10040_s132 nrf52832_xxaa/Obj/main.o
 .text.sd_ble_user_mem_reply
                0x000000000001f7a8        0x8 Output/ble_app_uart_pca10040_s132 nrf52832_xxaa/Obj/main.o
 .text.sd_app_evt_wait
                0x000000000001f7b0        0x8 Output/ble_app_uart_pca10040_s132 nrf52832_xxaa/Obj/main.o
 .text.gap_params_init
                0x000000000001f7b8       0xa0 Output/ble_app_uart_pca10040_s132 nrf52832_xxaa/Obj/main.o
 .text.nus_data_handler
                0x000000000001f858       0xe0 Output/ble_app_uart_pca10040_s132 nrf52832_xxaa/Obj/main.o
 .text.services_init
                0x000000000001f938       0x54 Output/ble_app_uart_pca10040_s132 nrf52832_xxaa/Obj/main.o
 .text.on_conn_params_evt
                0x000000000001f98c       0x40 Output/ble_app_uart_pca10040_s132 nrf52832_xxaa/Obj/main.o
 .text.conn_params_error_handler
                0x000000000001f9cc       0x1c Output/ble_app_uart_pca10040_s132 nrf52832_xxaa/Obj/main.o
 .text.conn_params_init
                0x000000000001f9e8       0x70 Output/ble_app_uart_pca10040_s132 nrf52832_xxaa/Obj/main.o
 .text.on_adv_evt
                0x000000000001fa58       0x1c Output/ble_app_uart_pca10040_s132 nrf52832_xxaa/Obj/main.o
 .text.on_ble_evt
                0x000000000001fa74      0x33c Output/ble_app_uart_pca10040_s132 nrf52832_xxaa/Obj/main.o
 .text.ble_evt_dispatch
                0x000000000001fdb0       0x40 Output/ble_app_uart_pca10040_s132 nrf52832_xxaa/Obj/main.o
 .text.ble_stack_init
                0x000000000001fdf0      0x16c Output/ble_app_uart_pca10040_s132 nrf52832_xxaa/Obj/main.o
 .text.gatt_evt_handler
                0x000000000001ff5c       0x68 Output/ble_app_uart_pca10040_s132 nrf52832_xxaa/Obj/main.o
                0x000000000001ff5c                gatt_evt_handler
 .text.gatt_init
                0x000000000001ffc4       0x58 Output/ble_app_uart_pca10040_s132 nrf52832_xxaa/Obj/main.o
                0x000000000001ffc4                gatt_init
 .text.uart_event_handle
                0x000000000002001c       0xf8 Output/ble_app_uart_pca10040_s132 nrf52832_xxaa/Obj/main.o
                0x000000000002001c                uart_event_handle
 .text.uart_init
                0x0000000000020114       0x68 Output/ble_app_uart_pca10040_s132 nrf52832_xxaa/Obj/main.o
 .text.advertising_init
                0x000000000002017c       0x94 Output/ble_app_uart_pca10040_s132 nrf52832_xxaa/Obj/main.o
 .text.buttons_leds_init
                0x0000000000020210        0xa Output/ble_app_uart_pca10040_s132 nrf52832_xxaa/Obj/main.o
 *fill*         0x000000000002021a        0x2 
 .text.log_init
                0x000000000002021c       0x30 Output/ble_app_uart_pca10040_s132 nrf52832_xxaa/Obj/main.o
 .text.power_manage
                0x000000000002024c       0x2c Output/ble_app_uart_pca10040_s132 nrf52832_xxaa/Obj/main.o
 .text.main     0x0000000000020278       0x88 Output/ble_app_uart_pca10040_s132 nrf52832_xxaa/Obj/main.o
                0x0000000000020278                main
 .text.bsp_event_to_button_action_assign
                0x0000000000020300       0xa4 Output/ble_app_uart_pca10040_s132 nrf52832_xxaa/Obj/bsp.o
                0x0000000000020300                bsp_event_to_button_action_assign
 .text.connection_buttons_configure
                0x00000000000203a4       0x62 Output/ble_app_uart_pca10040_s132 nrf52832_xxaa/Obj/bsp_btn_ble.o
 .text.advertising_buttons_configure
                0x0000000000020406       0x62 Output/ble_app_uart_pca10040_s132 nrf52832_xxaa/Obj/bsp_btn_ble.o
 .text.bsp_btn_ble_on_ble_evt
                0x0000000000020468       0x84 Output/ble_app_uart_pca10040_s132 nrf52832_xxaa/Obj/bsp_btn_ble.o
                0x0000000000020468                bsp_btn_ble_on_ble_evt
 .text.sd_ble_gap_addr_get
                0x00000000000204ec        0x8 Output/ble_app_uart_pca10040_s132 nrf52832_xxaa/Obj/ble_advdata.o
 .text.sd_ble_gap_adv_data_set
                0x00000000000204f4        0x8 Output/ble_app_uart_pca10040_s132 nrf52832_xxaa/Obj/ble_advdata.o
 .text.sd_ble_gap_appearance_get
                0x00000000000204fc        0x8 Output/ble_app_uart_pca10040_s132 nrf52832_xxaa/Obj/ble_advdata.o
 .text.sd_ble_gap_device_name_get
                0x0000000000020504        0x8 Output/ble_app_uart_pca10040_s132 nrf52832_xxaa/Obj/ble_advdata.o
 .text.sd_ble_uuid_encode
                0x000000000002050c        0x8 Output/ble_app_uart_pca10040_s132 nrf52832_xxaa/Obj/ble_advdata.o
 .text.uint16_encode
                0x0000000000020514       0x2c Output/ble_app_uart_pca10040_s132 nrf52832_xxaa/Obj/ble_advdata.o
 .text.ble_device_addr_encode
                0x0000000000020540       0xce Output/ble_app_uart_pca10040_s132 nrf52832_xxaa/Obj/ble_advdata.o
 .text.name_encode
                0x000000000002060e      0x13e Output/ble_app_uart_pca10040_s132 nrf52832_xxaa/Obj/ble_advdata.o
 .text.appearance_encode
                0x000000000002074c       0x9c Output/ble_app_uart_pca10040_s132 nrf52832_xxaa/Obj/ble_advdata.o
 .text.flags_encode
                0x00000000000207e8       0x7e Output/ble_app_uart_pca10040_s132 nrf52832_xxaa/Obj/ble_advdata.o
 .text.tx_power_level_encode
                0x0000000000020866       0x7e Output/ble_app_uart_pca10040_s132 nrf52832_xxaa/Obj/ble_advdata.o
 .text.uuid_list_sized_encode
                0x00000000000208e4      0x150 Output/ble_app_uart_pca10040_s132 nrf52832_xxaa/Obj/ble_advdata.o
 .text.uuid_list_encode
                0x0000000000020a34       0x66 Output/ble_app_uart_pca10040_s132 nrf52832_xxaa/Obj/ble_advdata.o
 .text.conn_int_check
                0x0000000000020a9a       0x78 Output/ble_app_uart_pca10040_s132 nrf52832_xxaa/Obj/ble_advdata.o
 .text.conn_int_encode
                0x0000000000020b12       0xc0 Output/ble_app_uart_pca10040_s132 nrf52832_xxaa/Obj/ble_advdata.o
 .text.manuf_specific_data_encode
                0x0000000000020bd2       0xe0 Output/ble_app_uart_pca10040_s132 nrf52832_xxaa/Obj/ble_advdata.o
 .text.service_data_encode
                0x0000000000020cb2      0x108 Output/ble_app_uart_pca10040_s132 nrf52832_xxaa/Obj/ble_advdata.o
 .text.adv_data_encode
                0x0000000000020dba      0x1d2 Output/ble_app_uart_pca10040_s132 nrf52832_xxaa/Obj/ble_advdata.o
                0x0000000000020dba                adv_data_encode
 .text.advdata_check
                0x0000000000020f8c       0x1c Output/ble_app_uart_pca10040_s132 nrf52832_xxaa/Obj/ble_advdata.o
 .text.srdata_check
                0x0000000000020fa8       0x18 Output/ble_app_uart_pca10040_s132 nrf52832_xxaa/Obj/ble_advdata.o
 .text.ble_advdata_set
                0x0000000000020fc0       0xb4 Output/ble_app_uart_pca10040_s132 nrf52832_xxaa/Obj/ble_advdata.o
                0x0000000000020fc0                ble_advdata_set
 .text.sd_ble_gap_adv_start
                0x0000000000021074        0x8 Output/ble_app_uart_pca10040_s132 nrf52832_xxaa/Obj/ble_advertising.o
 .text.whitelist_has_entries
                0x000000000002107c        0xc Output/ble_app_uart_pca10040_s132 nrf52832_xxaa/Obj/ble_advertising.o
 .text.addr_is_valid
                0x0000000000021088       0x2e Output/ble_app_uart_pca10040_s132 nrf52832_xxaa/Obj/ble_advertising.o
 *fill*         0x00000000000210b6        0x2 
 .text.adv_mode_next_get
                0x00000000000210b8       0x30 Output/ble_app_uart_pca10040_s132 nrf52832_xxaa/Obj/ble_advertising.o
 .text.on_connected
                0x00000000000210e8       0x20 Output/ble_app_uart_pca10040_s132 nrf52832_xxaa/Obj/ble_advertising.o
 .text.on_disconnected
                0x0000000000021108       0x4c Output/ble_app_uart_pca10040_s132 nrf52832_xxaa/Obj/ble_advertising.o
 .text.on_timeout
                0x0000000000021154       0x4c Output/ble_app_uart_pca10040_s132 nrf52832_xxaa/Obj/ble_advertising.o
 .text.flash_access_in_progress
                0x00000000000211a0       0x20 Output/ble_app_uart_pca10040_s132 nrf52832_xxaa/Obj/ble_advertising.o
 .text.adv_mode_next_avail_get
                0x00000000000211c0       0x8c Output/ble_app_uart_pca10040_s132 nrf52832_xxaa/Obj/ble_advertising.o
 .text.set_adv_mode_directed
                0x000000000002124c       0x34 Output/ble_app_uart_pca10040_s132 nrf52832_xxaa/Obj/ble_advertising.o
 .text.set_adv_mode_directed_slow
                0x0000000000021280       0x40 Output/ble_app_uart_pca10040_s132 nrf52832_xxaa/Obj/ble_advertising.o
 .text.set_adv_mode_fast
                0x00000000000212c0       0x84 Output/ble_app_uart_pca10040_s132 nrf52832_xxaa/Obj/ble_advertising.o
 .text.set_adv_mode_slow
                0x0000000000021344       0x84 Output/ble_app_uart_pca10040_s132 nrf52832_xxaa/Obj/ble_advertising.o
 .text.ble_advertising_conn_cfg_tag_set
                0x00000000000213c8       0x1c Output/ble_app_uart_pca10040_s132 nrf52832_xxaa/Obj/ble_advertising.o
                0x00000000000213c8                ble_advertising_conn_cfg_tag_set
 .text.ble_advertising_init
                0x00000000000213e4      0x208 Output/ble_app_uart_pca10040_s132 nrf52832_xxaa/Obj/ble_advertising.o
                0x00000000000213e4                ble_advertising_init
 .text.ble_advertising_start
                0x00000000000215ec      0x1d4 Output/ble_app_uart_pca10040_s132 nrf52832_xxaa/Obj/ble_advertising.o
                0x00000000000215ec                ble_advertising_start
 .text.ble_advertising_on_ble_evt
                0x00000000000217c0       0x38 Output/ble_app_uart_pca10040_s132 nrf52832_xxaa/Obj/ble_advertising.o
                0x00000000000217c0                ble_advertising_on_ble_evt
 .text.sd_ble_gap_conn_param_update
                0x00000000000217f8        0x8 Output/ble_app_uart_pca10040_s132 nrf52832_xxaa/Obj/ble_conn_params.o
 .text.sd_ble_gap_disconnect
                0x0000000000021800        0x8 Output/ble_app_uart_pca10040_s132 nrf52832_xxaa/Obj/ble_conn_params.o
 .text.sd_ble_gap_ppcp_set
                0x0000000000021808        0x8 Output/ble_app_uart_pca10040_s132 nrf52832_xxaa/Obj/ble_conn_params.o
 .text.sd_ble_gap_ppcp_get
                0x0000000000021810        0x8 Output/ble_app_uart_pca10040_s132 nrf52832_xxaa/Obj/ble_conn_params.o
 .text.is_conn_params_ok
                0x0000000000021818       0x2c Output/ble_app_uart_pca10040_s132 nrf52832_xxaa/Obj/ble_conn_params.o
 .text.update_timeout_handler
                0x0000000000021844       0xb4 Output/ble_app_uart_pca10040_s132 nrf52832_xxaa/Obj/ble_conn_params.o
 .text.ble_conn_params_init
                0x00000000000218f8       0x94 Output/ble_app_uart_pca10040_s132 nrf52832_xxaa/Obj/ble_conn_params.o
                0x00000000000218f8                ble_conn_params_init
 .text.conn_params_negotiation
                0x000000000002198c       0xb0 Output/ble_app_uart_pca10040_s132 nrf52832_xxaa/Obj/ble_conn_params.o
 .text.on_connect
                0x0000000000021a3c       0x48 Output/ble_app_uart_pca10040_s132 nrf52832_xxaa/Obj/ble_conn_params.o
 .text.on_disconnect
                0x0000000000021a84       0x4c Output/ble_app_uart_pca10040_s132 nrf52832_xxaa/Obj/ble_conn_params.o
 .text.on_write
                0x0000000000021ad0       0x68 Output/ble_app_uart_pca10040_s132 nrf52832_xxaa/Obj/ble_conn_params.o
 .text.on_conn_params_update
                0x0000000000021b38       0x24 Output/ble_app_uart_pca10040_s132 nrf52832_xxaa/Obj/ble_conn_params.o
 .text.ble_conn_params_on_ble_evt
                0x0000000000021b5c       0x4a Output/ble_app_uart_pca10040_s132 nrf52832_xxaa/Obj/ble_conn_params.o
                0x0000000000021b5c                ble_conn_params_on_ble_evt
 .text.uint16_decode
                0x0000000000021ba6       0x20 Output/ble_app_uart_pca10040_s132 nrf52832_xxaa/Obj/ble_srv_common.o
 .text.ble_srv_is_notification_enabled
                0x0000000000021bc6       0x2c Output/ble_app_uart_pca10040_s132 nrf52832_xxaa/Obj/ble_srv_common.o
                0x0000000000021bc6                ble_srv_is_notification_enabled
 .text.sd_ble_gap_data_length_update
                0x0000000000021bf2        0x8 Output/ble_app_uart_pca10040_s132 nrf52832_xxaa/Obj/nrf_ble_gatt.o
 .text.sd_ble_gattc_exchange_mtu_request
                0x0000000000021bfa        0x8 Output/ble_app_uart_pca10040_s132 nrf52832_xxaa/Obj/nrf_ble_gatt.o
 .text.sd_ble_gatts_exchange_mtu_reply
                0x0000000000021c02        0x8 Output/ble_app_uart_pca10040_s132 nrf52832_xxaa/Obj/nrf_ble_gatt.o
 .text.link_init
                0x0000000000021c0a       0x2e Output/ble_app_uart_pca10040_s132 nrf52832_xxaa/Obj/nrf_ble_gatt.o
 .text.data_length_update
                0x0000000000021c38       0x8c Output/ble_app_uart_pca10040_s132 nrf52832_xxaa/Obj/nrf_ble_gatt.o
 .text.on_connected_evt
                0x0000000000021cc4       0xd8 Output/ble_app_uart_pca10040_s132 nrf52832_xxaa/Obj/nrf_ble_gatt.o
 .text.on_disconnected_evt
                0x0000000000021d9c       0x22 Output/ble_app_uart_pca10040_s132 nrf52832_xxaa/Obj/nrf_ble_gatt.o
 *fill*         0x0000000000021dbe        0x2 
 .text.on_exchange_mtu_rsp_evt
                0x0000000000021dc0       0xa8 Output/ble_app_uart_pca10040_s132 nrf52832_xxaa/Obj/nrf_ble_gatt.o
 .text.on_exchange_mtu_request_evt
                0x0000000000021e68       0xe8 Output/ble_app_uart_pca10040_s132 nrf52832_xxaa/Obj/nrf_ble_gatt.o
 .text.on_data_length_update_evt
                0x0000000000021f50       0xe4 Output/ble_app_uart_pca10040_s132 nrf52832_xxaa/Obj/nrf_ble_gatt.o
 .text.on_data_length_update_request_evt
                0x0000000000022034       0xa8 Output/ble_app_uart_pca10040_s132 nrf52832_xxaa/Obj/nrf_ble_gatt.o
 .text.nrf_ble_gatt_init
                0x00000000000220dc       0x56 Output/ble_app_uart_pca10040_s132 nrf52832_xxaa/Obj/nrf_ble_gatt.o
                0x00000000000220dc                nrf_ble_gatt_init
 .text.nrf_ble_gatt_att_mtu_periph_set
                0x0000000000022132       0x38 Output/ble_app_uart_pca10040_s132 nrf52832_xxaa/Obj/nrf_ble_gatt.o
                0x0000000000022132                nrf_ble_gatt_att_mtu_periph_set
 *fill*         0x000000000002216a        0x2 
 .text.nrf_ble_gatt_on_ble_evt
                0x000000000002216c      0x104 Output/ble_app_uart_pca10040_s132 nrf52832_xxaa/Obj/nrf_ble_gatt.o
                0x000000000002216c                nrf_ble_gatt_on_ble_evt
 .text.sd_ble_gatts_service_add
                0x0000000000022270        0x8 Output/ble_app_uart_pca10040_s132 nrf52832_xxaa/Obj/ble_nus.o
 .text.sd_ble_gatts_characteristic_add
                0x0000000000022278        0x8 Output/ble_app_uart_pca10040_s132 nrf52832_xxaa/Obj/ble_nus.o
 .text.sd_ble_gatts_hvx
                0x0000000000022280        0x8 Output/ble_app_uart_pca10040_s132 nrf52832_xxaa/Obj/ble_nus.o
 .text.sd_ble_uuid_vs_add
                0x0000000000022288        0x8 Output/ble_app_uart_pca10040_s132 nrf52832_xxaa/Obj/ble_nus.o
 .text.on_connect
                0x0000000000022290       0x14 Output/ble_app_uart_pca10040_s132 nrf52832_xxaa/Obj/ble_nus.o
 .text.on_disconnect
                0x00000000000222a4       0x14 Output/ble_app_uart_pca10040_s132 nrf52832_xxaa/Obj/ble_nus.o
 .text.on_write
                0x00000000000222b8       0x72 Output/ble_app_uart_pca10040_s132 nrf52832_xxaa/Obj/ble_nus.o
 .text.tx_char_add
                0x000000000002232a      0x14a Output/ble_app_uart_pca10040_s132 nrf52832_xxaa/Obj/ble_nus.o
 .text.rx_char_add
                0x0000000000022474      0x104 Output/ble_app_uart_pca10040_s132 nrf52832_xxaa/Obj/ble_nus.o
 .text.ble_nus_on_ble_evt
                0x0000000000022578       0x64 Output/ble_app_uart_pca10040_s132 nrf52832_xxaa/Obj/ble_nus.o
                0x0000000000022578                ble_nus_on_ble_evt
 .text.ble_nus_init
                0x00000000000225dc       0xb0 Output/ble_app_uart_pca10040_s132 nrf52832_xxaa/Obj/ble_nus.o
                0x00000000000225dc                ble_nus_init
 .text.ble_nus_string_send
                0x000000000002268c       0x7e Output/ble_app_uart_pca10040_s132 nrf52832_xxaa/Obj/ble_nus.o
                0x000000000002268c                ble_nus_string_send
 .text.nrf_clock_int_disable
                0x000000000002270a       0x14 Output/ble_app_uart_pca10040_s132 nrf52832_xxaa/Obj/nrf_drv_clock.o
 .text.nrf_clock_event_clear
                0x000000000002271e       0x28 Output/ble_app_uart_pca10040_s132 nrf52832_xxaa/Obj/nrf_drv_clock.o
 .text.nrf_clock_event_check
                0x0000000000022746       0x22 Output/ble_app_uart_pca10040_s132 nrf52832_xxaa/Obj/nrf_drv_clock.o
 .text.nrf_clock_lf_src_set
                0x0000000000022768       0x1e Output/ble_app_uart_pca10040_s132 nrf52832_xxaa/Obj/nrf_drv_clock.o
 *fill*         0x0000000000022786        0x2 
 .text.nrf_drv_common_irq_enable_check
                0x0000000000022788       0x38 Output/ble_app_uart_pca10040_s132 nrf52832_xxaa/Obj/nrf_drv_clock.o
 .text.nrf_drv_common_power_clock_irq_init
                0x00000000000227c0       0x20 Output/ble_app_uart_pca10040_s132 nrf52832_xxaa/Obj/nrf_drv_clock.o
 .text.nrf_drv_clock_init
                0x00000000000227e0       0x5c Output/ble_app_uart_pca10040_s132 nrf52832_xxaa/Obj/nrf_drv_clock.o
                0x00000000000227e0                nrf_drv_clock_init
 .text.item_dequeue
                0x000000000002283c       0x20 Output/ble_app_uart_pca10040_s132 nrf52832_xxaa/Obj/nrf_drv_clock.o
 .text.clock_clk_started_notify
                0x000000000002285c       0x4c Output/ble_app_uart_pca10040_s132 nrf52832_xxaa/Obj/nrf_drv_clock.o
 .text.POWER_CLOCK_IRQHandler
                0x00000000000228a8       0x5c Output/ble_app_uart_pca10040_s132 nrf52832_xxaa/Obj/nrf_drv_clock.o
                0x00000000000228a8                POWER_CLOCK_IRQHandler
 .text.nrf_drv_clock_on_soc_event
                0x0000000000022904       0x1a Output/ble_app_uart_pca10040_s132 nrf52832_xxaa/Obj/nrf_drv_clock.o
                0x0000000000022904                nrf_drv_clock_on_soc_event
 *fill*         0x000000000002291e        0x2 
 .text.nrf_drv_clock_on_sd_enable
                0x0000000000022920       0x4c Output/ble_app_uart_pca10040_s132 nrf52832_xxaa/Obj/nrf_drv_clock.o
                0x0000000000022920                nrf_drv_clock_on_sd_enable
 .text.NVIC_EnableIRQ
                0x000000000002296c       0x2c Output/ble_app_uart_pca10040_s132 nrf52832_xxaa/Obj/nrf_drv_common.o
 .text.NVIC_ClearPendingIRQ
                0x0000000000022998       0x30 Output/ble_app_uart_pca10040_s132 nrf52832_xxaa/Obj/nrf_drv_common.o
 .text.NVIC_SetPriority
                0x00000000000229c8       0x50 Output/ble_app_uart_pca10040_s132 nrf52832_xxaa/Obj/nrf_drv_common.o
 .text.nrf_drv_common_irq_enable
                0x0000000000022a18       0x3e Output/ble_app_uart_pca10040_s132 nrf52832_xxaa/Obj/nrf_drv_common.o
                0x0000000000022a18                nrf_drv_common_irq_enable
 .text.nrf_gpiote_event_is_set
                0x0000000000022a56       0x2a Output/ble_app_uart_pca10040_s132 nrf52832_xxaa/Obj/nrf_drv_gpiote.o
 .text.nrf_gpiote_event_clear
                0x0000000000022a80       0x36 Output/ble_app_uart_pca10040_s132 nrf52832_xxaa/Obj/nrf_drv_gpiote.o
 .text.nrf_gpiote_event_addr_get
                0x0000000000022ab6       0x1a Output/ble_app_uart_pca10040_s132 nrf52832_xxaa/Obj/nrf_drv_gpiote.o
 .text.nrf_gpiote_int_is_enabled
                0x0000000000022ad0       0x18 Output/ble_app_uart_pca10040_s132 nrf52832_xxaa/Obj/nrf_drv_gpiote.o
 .text.nrf_gpiote_event_pin_get
                0x0000000000022ae8       0x20 Output/ble_app_uart_pca10040_s132 nrf52832_xxaa/Obj/nrf_drv_gpiote.o
 .text.nrf_gpiote_event_polarity_get
                0x0000000000022b08       0x24 Output/ble_app_uart_pca10040_s132 nrf52832_xxaa/Obj/nrf_drv_gpiote.o
 .text.nrf_gpio_pin_port_decode
                0x0000000000022b2c        0xe Output/ble_app_uart_pca10040_s132 nrf52832_xxaa/Obj/nrf_drv_gpiote.o
 .text.nrf_gpio_cfg_sense_set
                0x0000000000022b3a       0x5c Output/ble_app_uart_pca10040_s132 nrf52832_xxaa/Obj/nrf_drv_gpiote.o
 .text.nrf_gpio_pin_sense_get
                0x0000000000022b96       0x2c Output/ble_app_uart_pca10040_s132 nrf52832_xxaa/Obj/nrf_drv_gpiote.o
 .text.nrf_gpio_port_in_read
                0x0000000000022bc2       0x10 Output/ble_app_uart_pca10040_s132 nrf52832_xxaa/Obj/nrf_drv_gpiote.o
 .text.nrf_gpio_ports_read
                0x0000000000022bd2       0x4e Output/ble_app_uart_pca10040_s132 nrf52832_xxaa/Obj/nrf_drv_gpiote.o
 .text.nrf_bitmask_bit_is_set
                0x0000000000022c20       0x30 Output/ble_app_uart_pca10040_s132 nrf52832_xxaa/Obj/nrf_drv_gpiote.o
 .text.nrf_bitmask_bit_set
                0x0000000000022c50       0x40 Output/ble_app_uart_pca10040_s132 nrf52832_xxaa/Obj/nrf_drv_gpiote.o
 .text.channel_port_get
                0x0000000000022c90       0x1c Output/ble_app_uart_pca10040_s132 nrf52832_xxaa/Obj/nrf_drv_gpiote.o
 .text.channel_handler_get
                0x0000000000022cac       0x18 Output/ble_app_uart_pca10040_s132 nrf52832_xxaa/Obj/nrf_drv_gpiote.o
 .text.GPIOTE_IRQHandler
                0x0000000000022cc4      0x2e0 Output/ble_app_uart_pca10040_s132 nrf52832_xxaa/Obj/nrf_drv_gpiote.o
                0x0000000000022cc4                GPIOTE_IRQHandler
 .text.nrf_uart_event_clear
                0x0000000000022fa4       0x2a Output/ble_app_uart_pca10040_s132 nrf52832_xxaa/Obj/nrf_drv_uart.o
 .text.nrf_uart_event_check
                0x0000000000022fce       0x24 Output/ble_app_uart_pca10040_s132 nrf52832_xxaa/Obj/nrf_drv_uart.o
 .text.nrf_uart_int_enable
                0x0000000000022ff2       0x14 Output/ble_app_uart_pca10040_s132 nrf52832_xxaa/Obj/nrf_drv_uart.o
 .text.nrf_uart_int_enable_check
                0x0000000000023006       0x20 Output/ble_app_uart_pca10040_s132 nrf52832_xxaa/Obj/nrf_drv_uart.o
 .text.nrf_uart_int_disable
                0x0000000000023026       0x14 Output/ble_app_uart_pca10040_s132 nrf52832_xxaa/Obj/nrf_drv_uart.o
 .text.nrf_uart_errorsrc_get_and_clear
                0x000000000002303a       0x1c Output/ble_app_uart_pca10040_s132 nrf52832_xxaa/Obj/nrf_drv_uart.o
 .text.nrf_uart_enable
                0x0000000000023056       0x12 Output/ble_app_uart_pca10040_s132 nrf52832_xxaa/Obj/nrf_drv_uart.o
 .text.nrf_uart_txrx_pins_set
                0x0000000000023068       0x1e Output/ble_app_uart_pca10040_s132 nrf52832_xxaa/Obj/nrf_drv_uart.o
 .text.nrf_uart_hwfc_pins_set
                0x0000000000023086       0x1e Output/ble_app_uart_pca10040_s132 nrf52832_xxaa/Obj/nrf_drv_uart.o
 .text.nrf_uart_rxd_get
                0x00000000000230a4       0x12 Output/ble_app_uart_pca10040_s132 nrf52832_xxaa/Obj/nrf_drv_uart.o
 .text.nrf_uart_txd_set
                0x00000000000230b6       0x1a Output/ble_app_uart_pca10040_s132 nrf52832_xxaa/Obj/nrf_drv_uart.o
 .text.nrf_uart_task_trigger
                0x00000000000230d0       0x1c Output/ble_app_uart_pca10040_s132 nrf52832_xxaa/Obj/nrf_drv_uart.o
 .text.nrf_uart_configure
                0x00000000000230ec       0x2a Output/ble_app_uart_pca10040_s132 nrf52832_xxaa/Obj/nrf_drv_uart.o
 .text.nrf_uart_baudrate_set
                0x0000000000023116       0x14 Output/ble_app_uart_pca10040_s132 nrf52832_xxaa/Obj/nrf_drv_uart.o
 .text.nrf_uarte_event_clear
                0x000000000002312a       0x2a Output/ble_app_uart_pca10040_s132 nrf52832_xxaa/Obj/nrf_drv_uart.o
 .text.nrf_uarte_event_check
                0x0000000000023154       0x24 Output/ble_app_uart_pca10040_s132 nrf52832_xxaa/Obj/nrf_drv_uart.o
 .text.nrf_uarte_shorts_enable
                0x0000000000023178       0x1c Output/ble_app_uart_pca10040_s132 nrf52832_xxaa/Obj/nrf_drv_uart.o
 .text.nrf_uarte_shorts_disable
                0x0000000000023194       0x1e Output/ble_app_uart_pca10040_s132 nrf52832_xxaa/Obj/nrf_drv_uart.o
 .text.nrf_uarte_int_enable
                0x00000000000231b2       0x14 Output/ble_app_uart_pca10040_s132 nrf52832_xxaa/Obj/nrf_drv_uart.o
 .text.nrf_uarte_int_disable
                0x00000000000231c6       0x14 Output/ble_app_uart_pca10040_s132 nrf52832_xxaa/Obj/nrf_drv_uart.o
 .text.nrf_uarte_errorsrc_get_and_clear
                0x00000000000231da       0x1c Output/ble_app_uart_pca10040_s132 nrf52832_xxaa/Obj/nrf_drv_uart.o
 .text.nrf_uarte_enable
                0x00000000000231f6       0x12 Output/ble_app_uart_pca10040_s132 nrf52832_xxaa/Obj/nrf_drv_uart.o
 .text.nrf_uarte_txrx_pins_set
                0x0000000000023208       0x1e Output/ble_app_uart_pca10040_s132 nrf52832_xxaa/Obj/nrf_drv_uart.o
 .text.nrf_uarte_hwfc_pins_set
                0x0000000000023226       0x1e Output/ble_app_uart_pca10040_s132 nrf52832_xxaa/Obj/nrf_drv_uart.o
 .text.nrf_uarte_task_trigger
                0x0000000000023244       0x1c Output/ble_app_uart_pca10040_s132 nrf52832_xxaa/Obj/nrf_drv_uart.o
 .text.nrf_uarte_configure
                0x0000000000023260       0x2a Output/ble_app_uart_pca10040_s132 nrf52832_xxaa/Obj/nrf_drv_uart.o
 .text.nrf_uarte_baudrate_set
                0x000000000002328a       0x14 Output/ble_app_uart_pca10040_s132 nrf52832_xxaa/Obj/nrf_drv_uart.o
 .text.nrf_uarte_tx_buffer_set
                0x000000000002329e       0x24 Output/ble_app_uart_pca10040_s132 nrf52832_xxaa/Obj/nrf_drv_uart.o
 .text.nrf_uarte_tx_amount_get
                0x00000000000232c2       0x10 Output/ble_app_uart_pca10040_s132 nrf52832_xxaa/Obj/nrf_drv_uart.o
 .text.nrf_uarte_rx_buffer_set
                0x00000000000232d2       0x24 Output/ble_app_uart_pca10040_s132 nrf52832_xxaa/Obj/nrf_drv_uart.o
 .text.nrf_uarte_rx_amount_get
                0x00000000000232f6       0x10 Output/ble_app_uart_pca10040_s132 nrf52832_xxaa/Obj/nrf_drv_uart.o
 .text.nrf_drv_get_IRQn
                0x0000000000023306       0x16 Output/ble_app_uart_pca10040_s132 nrf52832_xxaa/Obj/nrf_drv_uart.o
 .text.nrf_drv_is_in_RAM
                0x000000000002331c       0x1c Output/ble_app_uart_pca10040_s132 nrf52832_xxaa/Obj/nrf_drv_uart.o
 .text.nrf_gpio_pin_port_decode
                0x0000000000023338        0xe Output/ble_app_uart_pca10040_s132 nrf52832_xxaa/Obj/nrf_drv_uart.o
 .text.nrf_gpio_cfg
                0x0000000000023346       0x62 Output/ble_app_uart_pca10040_s132 nrf52832_xxaa/Obj/nrf_drv_uart.o
 .text.nrf_gpio_cfg_output
                0x00000000000233a8       0x22 Output/ble_app_uart_pca10040_s132 nrf52832_xxaa/Obj/nrf_drv_uart.o
 .text.nrf_gpio_cfg_input
                0x00000000000233ca       0x2c Output/ble_app_uart_pca10040_s132 nrf52832_xxaa/Obj/nrf_drv_uart.o
 .text.nrf_gpio_pin_set
                0x00000000000233f6       0x28 Output/ble_app_uart_pca10040_s132 nrf52832_xxaa/Obj/nrf_drv_uart.o
 .text.nrf_gpio_port_out_set
                0x000000000002341e       0x14 Output/ble_app_uart_pca10040_s132 nrf52832_xxaa/Obj/nrf_drv_uart.o
 *fill*         0x0000000000023432        0x2 
 .text.apply_config
                0x0000000000023434      0x160 Output/ble_app_uart_pca10040_s132 nrf52832_xxaa/Obj/nrf_drv_uart.o
 .text.interrupts_enable
                0x0000000000023594       0xd4 Output/ble_app_uart_pca10040_s132 nrf52832_xxaa/Obj/nrf_drv_uart.o
 .text.uart_enable
                0x0000000000023668       0x3c Output/ble_app_uart_pca10040_s132 nrf52832_xxaa/Obj/nrf_drv_uart.o
 .text.nrf_drv_uart_init
                0x00000000000236a4       0x90 Output/ble_app_uart_pca10040_s132 nrf52832_xxaa/Obj/nrf_drv_uart.o
                0x00000000000236a4                nrf_drv_uart_init
 .text.tx_byte  0x0000000000023734       0x46 Output/ble_app_uart_pca10040_s132 nrf52832_xxaa/Obj/nrf_drv_uart.o
 *fill*         0x000000000002377a        0x2 
 .text.nrf_drv_uart_tx_for_uart
                0x000000000002377c       0xe4 Output/ble_app_uart_pca10040_s132 nrf52832_xxaa/Obj/nrf_drv_uart.o
 .text.nrf_drv_uart_tx_for_uarte
                0x0000000000023860       0xbc Output/ble_app_uart_pca10040_s132 nrf52832_xxaa/Obj/nrf_drv_uart.o
 .text.nrf_drv_uart_tx
                0x000000000002391c       0xa0 Output/ble_app_uart_pca10040_s132 nrf52832_xxaa/Obj/nrf_drv_uart.o
                0x000000000002391c                nrf_drv_uart_tx
 .text.nrf_drv_uart_tx_in_progress
                0x00000000000239bc       0x28 Output/ble_app_uart_pca10040_s132 nrf52832_xxaa/Obj/nrf_drv_uart.o
                0x00000000000239bc                nrf_drv_uart_tx_in_progress
 .text.rx_enable
                0x00000000000239e4       0x36 Output/ble_app_uart_pca10040_s132 nrf52832_xxaa/Obj/nrf_drv_uart.o
 .text.rx_byte  0x0000000000023a1a       0x54 Output/ble_app_uart_pca10040_s132 nrf52832_xxaa/Obj/nrf_drv_uart.o
 *fill*         0x0000000000023a6e        0x2 
 .text.nrf_drv_uart_rx_for_uart
                0x0000000000023a70      0x158 Output/ble_app_uart_pca10040_s132 nrf52832_xxaa/Obj/nrf_drv_uart.o
 .text.nrf_drv_uart_rx_for_uarte
                0x0000000000023bc8      0x130 Output/ble_app_uart_pca10040_s132 nrf52832_xxaa/Obj/nrf_drv_uart.o
 .text.nrf_drv_uart_rx
                0x0000000000023cf8      0x158 Output/ble_app_uart_pca10040_s132 nrf52832_xxaa/Obj/nrf_drv_uart.o
                0x0000000000023cf8                nrf_drv_uart_rx
 .text.nrf_drv_uart_rx_enable
                0x0000000000023e50       0x54 Output/ble_app_uart_pca10040_s132 nrf52832_xxaa/Obj/nrf_drv_uart.o
                0x0000000000023e50                nrf_drv_uart_rx_enable
 .text.rx_done_event
                0x0000000000023ea4       0x36 Output/ble_app_uart_pca10040_s132 nrf52832_xxaa/Obj/nrf_drv_uart.o
 .text.tx_done_event
                0x0000000000023eda       0x3c Output/ble_app_uart_pca10040_s132 nrf52832_xxaa/Obj/nrf_drv_uart.o
 .text.uart_irq_handler
                0x0000000000023f16      0x1d4 Output/ble_app_uart_pca10040_s132 nrf52832_xxaa/Obj/nrf_drv_uart.o
 .text.uarte_irq_handler
                0x00000000000240ea      0x160 Output/ble_app_uart_pca10040_s132 nrf52832_xxaa/Obj/nrf_drv_uart.o
 *fill*         0x000000000002424a        0x2 
 .text.UARTE0_UART0_IRQHandler
                0x000000000002424c       0x28 Output/ble_app_uart_pca10040_s132 nrf52832_xxaa/Obj/nrf_drv_uart.o
                0x000000000002424c                UARTE0_UART0_IRQHandler
 .text.app_error_handler
                0x0000000000024274       0x30 Output/ble_app_uart_pca10040_s132 nrf52832_xxaa/Obj/app_error.o
                0x0000000000024274                app_error_handler
 .text.app_error_save_and_stop
                0x00000000000242a4       0x98 Output/ble_app_uart_pca10040_s132 nrf52832_xxaa/Obj/app_error.o
                0x00000000000242a4                app_error_save_and_stop
 .text.app_error_fault_handler
                0x000000000002433c       0x28 Output/ble_app_uart_pca10040_s132 nrf52832_xxaa/Obj/app_error_weak.o
                0x000000000002433c                app_error_fault_handler
 .text.fifo_length
                0x0000000000024364       0x18 Output/ble_app_uart_pca10040_s132 nrf52832_xxaa/Obj/app_fifo.o
 .text.fifo_put
                0x000000000002437c       0x30 Output/ble_app_uart_pca10040_s132 nrf52832_xxaa/Obj/app_fifo.o
 .text.fifo_peek
                0x00000000000243ac       0x2e Output/ble_app_uart_pca10040_s132 nrf52832_xxaa/Obj/app_fifo.o
 .text.fifo_get
                0x00000000000243da       0x24 Output/ble_app_uart_pca10040_s132 nrf52832_xxaa/Obj/app_fifo.o
 .text.app_fifo_init
                0x00000000000243fe       0x58 Output/ble_app_uart_pca10040_s132 nrf52832_xxaa/Obj/app_fifo.o
                0x00000000000243fe                app_fifo_init
 .text.app_fifo_put
                0x0000000000024456       0x36 Output/ble_app_uart_pca10040_s132 nrf52832_xxaa/Obj/app_fifo.o
                0x0000000000024456                app_fifo_put
 .text.app_fifo_get
                0x000000000002448c       0x2a Output/ble_app_uart_pca10040_s132 nrf52832_xxaa/Obj/app_fifo.o
                0x000000000002448c                app_fifo_get
 *fill*         0x00000000000244b6        0x2 
 .text.NVIC_EnableIRQ
                0x00000000000244b8       0x2c Output/ble_app_uart_pca10040_s132 nrf52832_xxaa/Obj/app_timer.o
 .text.NVIC_DisableIRQ
                0x00000000000244e4       0x30 Output/ble_app_uart_pca10040_s132 nrf52832_xxaa/Obj/app_timer.o
 .text.NVIC_SetPendingIRQ
                0x0000000000024514       0x30 Output/ble_app_uart_pca10040_s132 nrf52832_xxaa/Obj/app_timer.o
 .text.NVIC_ClearPendingIRQ
                0x0000000000024544       0x30 Output/ble_app_uart_pca10040_s132 nrf52832_xxaa/Obj/app_timer.o
 .text.NVIC_SetPriority
                0x0000000000024574       0x50 Output/ble_app_uart_pca10040_s132 nrf52832_xxaa/Obj/app_timer.o
 .text.nrf_delay_us
                0x00000000000245c4       0xa0 Output/ble_app_uart_pca10040_s132 nrf52832_xxaa/Obj/app_timer.o
 .text.rtc1_init
                0x0000000000024664       0x24 Output/ble_app_uart_pca10040_s132 nrf52832_xxaa/Obj/app_timer.o
 .text.rtc1_start
                0x0000000000024688       0x40 Output/ble_app_uart_pca10040_s132 nrf52832_xxaa/Obj/app_timer.o
 .text.rtc1_stop
                0x00000000000246c8       0x50 Output/ble_app_uart_pca10040_s132 nrf52832_xxaa/Obj/app_timer.o
 .text.rtc1_counter_get
                0x0000000000024718       0x10 Output/ble_app_uart_pca10040_s132 nrf52832_xxaa/Obj/app_timer.o
 .text.ticks_diff_get
                0x0000000000024728       0x16 Output/ble_app_uart_pca10040_s132 nrf52832_xxaa/Obj/app_timer.o
 *fill*         0x000000000002473e        0x2 
 .text.rtc1_compare0_set
                0x0000000000024740       0x18 Output/ble_app_uart_pca10040_s132 nrf52832_xxaa/Obj/app_timer.o
 .text.timer_list_insert
                0x0000000000024758       0xac Output/ble_app_uart_pca10040_s132 nrf52832_xxaa/Obj/app_timer.o
 .text.timer_list_remove
                0x0000000000024804       0xc0 Output/ble_app_uart_pca10040_s132 nrf52832_xxaa/Obj/app_timer.o
 .text.timer_timeouts_check_sched
                0x00000000000248c4        0xc Output/ble_app_uart_pca10040_s132 nrf52832_xxaa/Obj/app_timer.o
 .text.timer_list_handler_sched
                0x00000000000248d0        0xc Output/ble_app_uart_pca10040_s132 nrf52832_xxaa/Obj/app_timer.o
 .text.timeout_handler_exec
                0x00000000000248dc       0x1a Output/ble_app_uart_pca10040_s132 nrf52832_xxaa/Obj/app_timer.o
 *fill*         0x00000000000248f6        0x2 
 .text.timer_timeouts_check
                0x00000000000248f8       0xc8 Output/ble_app_uart_pca10040_s132 nrf52832_xxaa/Obj/app_timer.o
 .text.elapsed_ticks_acquire
                0x00000000000249c0       0x78 Output/ble_app_uart_pca10040_s132 nrf52832_xxaa/Obj/app_timer.o
 .text.expired_timers_handler
                0x0000000000024a38       0x94 Output/ble_app_uart_pca10040_s132 nrf52832_xxaa/Obj/app_timer.o
 .text.list_insertions_handler
                0x0000000000024acc      0x1bc Output/ble_app_uart_pca10040_s132 nrf52832_xxaa/Obj/app_timer.o
 .text.compare_reg_update
                0x0000000000024c88       0xb0 Output/ble_app_uart_pca10040_s132 nrf52832_xxaa/Obj/app_timer.o
 .text.timer_list_handler
                0x0000000000024d38       0x80 Output/ble_app_uart_pca10040_s132 nrf52832_xxaa/Obj/app_timer.o
 .text.user_op_enque
                0x0000000000024db8       0x1c Output/ble_app_uart_pca10040_s132 nrf52832_xxaa/Obj/app_timer.o
 .text.user_op_alloc
                0x0000000000024dd4       0x5c Output/ble_app_uart_pca10040_s132 nrf52832_xxaa/Obj/app_timer.o
 .text.timer_start_op_schedule
                0x0000000000024e30       0x88 Output/ble_app_uart_pca10040_s132 nrf52832_xxaa/Obj/app_timer.o
 .text.timer_stop_op_schedule
                0x0000000000024eb8       0x6e Output/ble_app_uart_pca10040_s132 nrf52832_xxaa/Obj/app_timer.o
 *fill*         0x0000000000024f26        0x2 
 .text.RTC1_IRQHandler
                0x0000000000024f28       0x40 Output/ble_app_uart_pca10040_s132 nrf52832_xxaa/Obj/app_timer.o
                0x0000000000024f28                RTC1_IRQHandler
 .text.SWI0_EGU0_IRQHandler
                0x0000000000024f68        0xa Output/ble_app_uart_pca10040_s132 nrf52832_xxaa/Obj/app_timer.o
                0x0000000000024f68                SWI0_EGU0_IRQHandler
 *fill*         0x0000000000024f72        0x2 
 .text.app_timer_init
                0x0000000000024f74       0x68 Output/ble_app_uart_pca10040_s132 nrf52832_xxaa/Obj/app_timer.o
                0x0000000000024f74                app_timer_init
 .text.app_timer_create
                0x0000000000024fdc       0x60 Output/ble_app_uart_pca10040_s132 nrf52832_xxaa/Obj/app_timer.o
                0x0000000000024fdc                app_timer_create
 .text.app_timer_start
                0x000000000002503c       0x64 Output/ble_app_uart_pca10040_s132 nrf52832_xxaa/Obj/app_timer.o
                0x000000000002503c                app_timer_start
 .text.app_timer_stop
                0x00000000000250a0       0x44 Output/ble_app_uart_pca10040_s132 nrf52832_xxaa/Obj/app_timer.o
                0x00000000000250a0                app_timer_stop
 .text.fifo_length
                0x00000000000250e4       0x18 Output/ble_app_uart_pca10040_s132 nrf52832_xxaa/Obj/app_uart_fifo.o
 .text.uart_event_handler
                0x00000000000250fc       0xf8 Output/ble_app_uart_pca10040_s132 nrf52832_xxaa/Obj/app_uart_fifo.o
 .text.app_uart_init
                0x00000000000251f4      0x128 Output/ble_app_uart_pca10040_s132 nrf52832_xxaa/Obj/app_uart_fifo.o
                0x00000000000251f4                app_uart_init
 .text.app_uart_get
                0x000000000002531c       0x64 Output/ble_app_uart_pca10040_s132 nrf52832_xxaa/Obj/app_uart_fifo.o
                0x000000000002531c                app_uart_get
 .text.app_uart_put
                0x0000000000025380       0x60 Output/ble_app_uart_pca10040_s132 nrf52832_xxaa/Obj/app_uart_fifo.o
                0x0000000000025380                app_uart_put
 .text.__sd_nvic_irq_disable
                0x00000000000253e0       0x16 Output/ble_app_uart_pca10040_s132 nrf52832_xxaa/Obj/app_util_platform.o
 .text.__sd_nvic_irq_enable
                0x00000000000253f6        0x6 Output/ble_app_uart_pca10040_s132 nrf52832_xxaa/Obj/app_util_platform.o
 .text.sd_nvic_critical_region_enter
                0x00000000000253fc       0x74 Output/ble_app_uart_pca10040_s132 nrf52832_xxaa/Obj/app_util_platform.o
 .text.sd_nvic_critical_region_exit
                0x0000000000025470       0x54 Output/ble_app_uart_pca10040_s132 nrf52832_xxaa/Obj/app_util_platform.o
 .text.app_util_critical_region_enter
                0x00000000000254c4       0x14 Output/ble_app_uart_pca10040_s132 nrf52832_xxaa/Obj/app_util_platform.o
                0x00000000000254c4                app_util_critical_region_enter
 .text.app_util_critical_region_exit
                0x00000000000254d8       0x1c Output/ble_app_uart_pca10040_s132 nrf52832_xxaa/Obj/app_util_platform.o
                0x00000000000254d8                app_util_critical_region_exit
 .text.fs_queued_op_count_get
                0x00000000000254f4       0x24 Output/ble_app_uart_pca10040_s132 nrf52832_xxaa/Obj/fstorage.o
                0x00000000000254f4                fs_queued_op_count_get
 .text.nrf_log_backend_init
                0x0000000000025518       0x48 Output/ble_app_uart_pca10040_s132 nrf52832_xxaa/Obj/nrf_log_backend_serial.o
                0x0000000000025518                nrf_log_backend_init
 .text.serial_is_busy
                0x0000000000025560       0x12 Output/ble_app_uart_pca10040_s132 nrf52832_xxaa/Obj/nrf_log_backend_serial.o
 .text.serial_tx
                0x0000000000025572       0x64 Output/ble_app_uart_pca10040_s132 nrf52832_xxaa/Obj/nrf_log_backend_serial.o
 .text.buf_len_update
                0x00000000000255d6       0x30 Output/ble_app_uart_pca10040_s132 nrf52832_xxaa/Obj/nrf_log_backend_serial.o
 *fill*         0x0000000000025606        0x2 
 .text.timestamp_process
                0x0000000000025608       0x58 Output/ble_app_uart_pca10040_s132 nrf52832_xxaa/Obj/nrf_log_backend_serial.o
 .text.nrf_log_backend_serial_std_handler
                0x0000000000025660      0x274 Output/ble_app_uart_pca10040_s132 nrf52832_xxaa/Obj/nrf_log_backend_serial.o
 .text.byte2hex
                0x00000000000258d4       0x5c Output/ble_app_uart_pca10040_s132 nrf52832_xxaa/Obj/nrf_log_backend_serial.o
 .text.nrf_log_backend_serial_hexdump_handler
                0x0000000000025930      0x20c Output/ble_app_uart_pca10040_s132 nrf52832_xxaa/Obj/nrf_log_backend_serial.o
 .text.nrf_log_backend_std_handler_get
                0x0000000000025b3c        0xc Output/ble_app_uart_pca10040_s132 nrf52832_xxaa/Obj/nrf_log_backend_serial.o
                0x0000000000025b3c                nrf_log_backend_std_handler_get
 .text.nrf_log_backend_hexdump_handler_get
                0x0000000000025b48        0xc Output/ble_app_uart_pca10040_s132 nrf52832_xxaa/Obj/nrf_log_backend_serial.o
                0x0000000000025b48                nrf_log_backend_hexdump_handler_get
 .text.nrf_log_init
                0x0000000000025b54       0x32 Output/ble_app_uart_pca10040_s132 nrf52832_xxaa/Obj/nrf_log_frontend.o
                0x0000000000025b54                nrf_log_init
 .text.nrf_log_frontend_init
                0x0000000000025b86       0x1a Output/ble_app_uart_pca10040_s132 nrf52832_xxaa/Obj/nrf_log_frontend.o
                0x0000000000025b86                nrf_log_frontend_init
 .text.nrf_log_handlers_set
                0x0000000000025ba0       0x1c Output/ble_app_uart_pca10040_s132 nrf52832_xxaa/Obj/nrf_log_frontend.o
                0x0000000000025ba0                nrf_log_handlers_set
 .text.nrf_log_direct_feed
                0x0000000000025bbc       0x38 Output/ble_app_uart_pca10040_s132 nrf52832_xxaa/Obj/nrf_log_frontend.o
 .text.nrf_log_frontend_std_0
                0x0000000000025bf4       0x22 Output/ble_app_uart_pca10040_s132 nrf52832_xxaa/Obj/nrf_log_frontend.o
                0x0000000000025bf4                nrf_log_frontend_std_0
 .text.nrf_log_frontend_std_1
                0x0000000000025c16       0x28 Output/ble_app_uart_pca10040_s132 nrf52832_xxaa/Obj/nrf_log_frontend.o
                0x0000000000025c16                nrf_log_frontend_std_1
 .text.nrf_log_frontend_std_2
                0x0000000000025c3e       0x2e Output/ble_app_uart_pca10040_s132 nrf52832_xxaa/Obj/nrf_log_frontend.o
                0x0000000000025c3e                nrf_log_frontend_std_2
 .text.nrf_log_frontend_std_3
                0x0000000000025c6c       0x32 Output/ble_app_uart_pca10040_s132 nrf52832_xxaa/Obj/nrf_log_frontend.o
                0x0000000000025c6c                nrf_log_frontend_std_3
 *fill*         0x0000000000025c9e        0x2 
 .text.nrf_log_frontend_hexdump
                0x0000000000025ca0       0x58 Output/ble_app_uart_pca10040_s132 nrf52832_xxaa/Obj/nrf_log_frontend.o
                0x0000000000025ca0                nrf_log_frontend_hexdump
 .text._DoInit  0x0000000000025cf8       0x9c Output/ble_app_uart_pca10040_s132 nrf52832_xxaa/Obj/SEGGER_RTT.o
 .text._WriteBlocking
                0x0000000000025d94       0xb2 Output/ble_app_uart_pca10040_s132 nrf52832_xxaa/Obj/SEGGER_RTT.o
 .text._WriteNoCheck
                0x0000000000025e46       0x7e Output/ble_app_uart_pca10040_s132 nrf52832_xxaa/Obj/SEGGER_RTT.o
 .text._GetAvailWriteSpace
                0x0000000000025ec4       0x3c Output/ble_app_uart_pca10040_s132 nrf52832_xxaa/Obj/SEGGER_RTT.o
 .text.SEGGER_RTT_WriteNoLock
                0x0000000000025f00       0x9c Output/ble_app_uart_pca10040_s132 nrf52832_xxaa/Obj/SEGGER_RTT.o
                0x0000000000025f00                SEGGER_RTT_WriteNoLock
 .text.SEGGER_RTT_Init
                0x0000000000025f9c       0x18 Output/ble_app_uart_pca10040_s132 nrf52832_xxaa/Obj/SEGGER_RTT.o
                0x0000000000025f9c                SEGGER_RTT_Init
 .text.NVIC_EnableIRQ
                0x0000000000025fb4       0x2c Output/ble_app_uart_pca10040_s132 nrf52832_xxaa/Obj/softdevice_handler.o
 .text.NVIC_DisableIRQ
                0x0000000000025fe0       0x30 Output/ble_app_uart_pca10040_s132 nrf52832_xxaa/Obj/softdevice_handler.o
 .text.NVIC_GetPriority
                0x0000000000026010       0x48 Output/ble_app_uart_pca10040_s132 nrf52832_xxaa/Obj/softdevice_handler.o
 .text.sd_evt_get
                0x0000000000026058        0x8 Output/ble_app_uart_pca10040_s132 nrf52832_xxaa/Obj/softdevice_handler.o
 .text.sd_softdevice_enable
                0x0000000000026060        0x8 Output/ble_app_uart_pca10040_s132 nrf52832_xxaa/Obj/softdevice_handler.o
 .text.is_word_aligned
                0x0000000000026068       0x1a Output/ble_app_uart_pca10040_s132 nrf52832_xxaa/Obj/softdevice_handler.o
 .text.sd_ble_enable
                0x0000000000026082        0x8 Output/ble_app_uart_pca10040_s132 nrf52832_xxaa/Obj/softdevice_handler.o
 .text.sd_ble_evt_get
                0x000000000002608a        0x8 Output/ble_app_uart_pca10040_s132 nrf52832_xxaa/Obj/softdevice_handler.o
 *fill*         0x0000000000026092        0x2 
 .text.__sd_nvic_app_accessible_irq
                0x0000000000026094       0x58 Output/ble_app_uart_pca10040_s132 nrf52832_xxaa/Obj/softdevice_handler.o
 .text.__sd_nvic_is_app_accessible_priority
                0x00000000000260ec       0x32 Output/ble_app_uart_pca10040_s132 nrf52832_xxaa/Obj/softdevice_handler.o
 *fill*         0x000000000002611e        0x2 
 .text.sd_nvic_EnableIRQ
                0x0000000000026120       0x8c Output/ble_app_uart_pca10040_s132 nrf52832_xxaa/Obj/softdevice_handler.o
 .text.nrf_drv_common_irq_enable_check
                0x00000000000261ac       0x38 Output/ble_app_uart_pca10040_s132 nrf52832_xxaa/Obj/softdevice_handler.o
 .text.softdevice_fault_handler
                0x00000000000261e4       0x1c Output/ble_app_uart_pca10040_s132 nrf52832_xxaa/Obj/softdevice_handler.o
                0x00000000000261e4                softdevice_fault_handler
 .text.intern_softdevice_events_execute
                0x0000000000026200      0x128 Output/ble_app_uart_pca10040_s132 nrf52832_xxaa/Obj/softdevice_handler.o
                0x0000000000026200                intern_softdevice_events_execute
 .text.softdevice_handler_is_enabled
                0x0000000000026328       0x10 Output/ble_app_uart_pca10040_s132 nrf52832_xxaa/Obj/softdevice_handler.o
                0x0000000000026328                softdevice_handler_is_enabled
 .text.softdevice_handler_init
                0x0000000000026338       0xb0 Output/ble_app_uart_pca10040_s132 nrf52832_xxaa/Obj/softdevice_handler.o
                0x0000000000026338                softdevice_handler_init
 .text.softdevice_ble_evt_handler_set
                0x00000000000263e8       0x20 Output/ble_app_uart_pca10040_s132 nrf52832_xxaa/Obj/softdevice_handler.o
                0x00000000000263e8                softdevice_ble_evt_handler_set
 .text.SWI2_EGU2_IRQHandler
                0x0000000000026408       0x40 Output/ble_app_uart_pca10040_s132 nrf52832_xxaa/Obj/softdevice_handler.o
                0x0000000000026408                SWI2_EGU2_IRQHandler
 .text.ram_total_size_get
                0x0000000000026448        0xe Output/ble_app_uart_pca10040_s132 nrf52832_xxaa/Obj/softdevice_handler.o
 .text.ram_end_address_get
                0x0000000000026456       0x20 Output/ble_app_uart_pca10040_s132 nrf52832_xxaa/Obj/softdevice_handler.o
 *fill*         0x0000000000026476        0x2 
 .text.softdevice_app_ram_start_get
                0x0000000000026478       0x20 Output/ble_app_uart_pca10040_s132 nrf52832_xxaa/Obj/softdevice_handler.o
                0x0000000000026478                softdevice_app_ram_start_get
 .text.softdevice_enable
                0x0000000000026498       0x78 Output/ble_app_uart_pca10040_s132 nrf52832_xxaa/Obj/softdevice_handler.o
                0x0000000000026498                softdevice_enable
 .text.libc.__RAL_ascii_isctype
                0x0000000000026510       0x1c /usr/share/segger_embedded_studio_for_arm_4.16/lib/libc_v7em_fpv4_sp_d16_hard_t_le_eabi.a(libc2.o)
 .text.libc.__RAL_ascii_toupper
                0x000000000002652c        0xc /usr/share/segger_embedded_studio_for_arm_4.16/lib/libc_v7em_fpv4_sp_d16_hard_t_le_eabi.a(libc2.o)
 .text.libc.__RAL_ascii_tolower
                0x0000000000026538        0xc /usr/share/segger_embedded_studio_for_arm_4.16/lib/libc_v7em_fpv4_sp_d16_hard_t_le_eabi.a(libc2.o)
 .text.libc.__RAL_ascii_iswctype
                0x0000000000026544       0x1c /usr/share/segger_embedded_studio_for_arm_4.16/lib/libc_v7em_fpv4_sp_d16_hard_t_le_eabi.a(libc2.o)
 .text.libc.__RAL_ascii_towupper
                0x0000000000026560        0xc /usr/share/segger_embedded_studio_for_arm_4.16/lib/libc_v7em_fpv4_sp_d16_hard_t_le_eabi.a(libc2.o)
 .text.libc.__RAL_ascii_towlower
                0x000000000002656c        0xc /usr/share/segger_embedded_studio_for_arm_4.16/lib/libc_v7em_fpv4_sp_d16_hard_t_le_eabi.a(libc2.o)
 .text.libc.__RAL_ascii_wctomb
                0x0000000000026578        0xe /usr/share/segger_embedded_studio_for_arm_4.16/lib/libc_v7em_fpv4_sp_d16_hard_t_le_eabi.a(libc2.o)
                0x0000000000026578                __RAL_ascii_wctomb
 .text.libc.__RAL_ascii_mbtowc
                0x0000000000026586       0x24 /usr/share/segger_embedded_studio_for_arm_4.16/lib/libc_v7em_fpv4_sp_d16_hard_t_le_eabi.a(libc2.o)
                0x0000000000026586                __RAL_ascii_mbtowc
 .text.libc.__putc
                0x00000000000265aa       0x34 /usr/share/segger_embedded_studio_for_arm_4.16/lib/libc_v7em_fpv4_sp_d16_hard_t_le_eabi.a(libc2.o)
                0x00000000000265aa                __putc
 .text.libc.__RAL_print_padding
                0x00000000000265de       0x1c /usr/share/segger_embedded_studio_for_arm_4.16/lib/libc_v7em_fpv4_sp_d16_hard_t_le_eabi.a(libc2.o)
                0x00000000000265de                __RAL_print_padding
 .text.libc.__RAL_pre_padding
                0x00000000000265fa       0x1c /usr/share/segger_embedded_studio_for_arm_4.16/lib/libc_v7em_fpv4_sp_d16_hard_t_le_eabi.a(libc2.o)
                0x00000000000265fa                __RAL_pre_padding
 *fill*         0x0000000000026616        0x2 
 .text.libc.__RAL_isctype
                0x0000000000026618       0x14 /usr/share/segger_embedded_studio_for_arm_4.16/lib/libc_v7em_fpv4_sp_d16_hard_t_le_eabi.a(libc2.o)
                0x0000000000026618                __RAL_isctype
 .text.libc.isprint
                0x000000000002662c        0xa /usr/share/segger_embedded_studio_for_arm_4.16/lib/libc_v7em_fpv4_sp_d16_hard_t_le_eabi.a(libc2.o)
                0x000000000002662c                isprint
 *fill*         0x0000000000026636        0x2 
 .text.libc.printf
                0x0000000000026638       0x40 /usr/share/segger_embedded_studio_for_arm_4.16/lib/libc_v7em_fpv4_sp_d16_hard_t_le_eabi.a(libc2.o)
                0x0000000000026638                printf
 .text.libc.snprintf
                0x0000000000026678       0x28 /usr/share/segger_embedded_studio_for_arm_4.16/lib/libc_v7em_fpv4_sp_d16_hard_t_le_eabi.a(libc2.o)
                0x0000000000026678                snprintf
 .text.libc.strnlen
                0x00000000000266a0       0x22 /usr/share/segger_embedded_studio_for_arm_4.16/lib/libc_v7em_fpv4_sp_d16_hard_t_le_eabi.a(libc2.o)
                0x00000000000266a0                strnlen
 .text.libc.memcpy
                0x00000000000266c2       0x52 /usr/share/segger_embedded_studio_for_arm_4.16/lib/libc_v7em_fpv4_sp_d16_hard_t_le_eabi.a(libc2_asm.o)
                0x00000000000266c2                memcpy
                0x00000000000266c2                __aeabi_memcpy
                0x00000000000266ce                __aeabi_memcpy4
                0x00000000000266ce                __aeabi_memcpy8
 .text.libc.memset
                0x0000000000026714       0x66 /usr/share/segger_embedded_studio_for_arm_4.16/lib/libc_v7em_fpv4_sp_d16_hard_t_le_eabi.a(libc2_asm.o)
                0x0000000000026714                memset
 .text.libc.strcpy
                0x000000000002677a       0x44 /usr/share/segger_embedded_studio_for_arm_4.16/lib/libc_v7em_fpv4_sp_d16_hard_t_le_eabi.a(libc2_asm.o)
                0x000000000002677a                strcpy
 .text.libc.strlen
                0x00000000000267be       0x60 /usr/share/segger_embedded_studio_for_arm_4.16/lib/libc_v7em_fpv4_sp_d16_hard_t_le_eabi.a(libc2_asm.o)
                0x00000000000267be                strlen
 .text.libdebugio.debug_putchar
                0x000000000002681e       0x18 /usr/share/segger_embedded_studio_for_arm_4.16/lib/libdebugio_v7em_fpv4_sp_d16_hard_t_le_eabi.a(libdebugio.o)
                0x000000000002681e                debug_putchar
 *fill*         0x0000000000026836        0x2 
 .text.libc.__vfprintf_long
                0x0000000000026838      0x74c /usr/share/segger_embedded_studio_for_arm_4.16/lib/libvfprintf_v7em_fpv4_sp_d16_hard_t_le_eabi.o
                0x0000000000026838                __vfprintf_long
 .text.libdebugio.__do_debug_operation
                0x0000000000026f84       0x30 /usr/share/segger_embedded_studio_for_arm_4.16/lib/libdebugio_mempoll_v7em_fpv4_sp_d16_hard_t_le_eabi.a(mempoll_debug_operations.o)
                0x0000000000026f84                __do_debug_operation
                0x0000000000026fb4                __text_end__ = (__text_start__ + SIZEOF (.text))
                0x0000000000007d04                __text_size__ = SIZEOF (.text)
                0x0000000000026fb4                __text_load_end__ = __text_end__

.vfp11_veneer   0x0000000100000000        0x0
 .vfp11_veneer  0x0000000100000000        0x0 linker stubs

.v4_bx          0x0000000100000000        0x0
 .v4_bx         0x0000000100000000        0x0 linker stubs

.iplt           0x0000000100000000        0x0
 .iplt          0x0000000100000000        0x0 Output/ble_app_uart_pca10040_s132 nrf52832_xxaa/Obj/ses_nrf52_startup.o
                0x0000000000000001                . = ASSERT (((__text_start__ == __text_end__) || ((__text_end__ - __FLASH_segment_start__) <= __FLASH_segment_size__)), error: .text is too large to fit in FLASH memory segment)
                0x0000000000026fb4                __dtors_load_start__ = ALIGN (__text_end__, 0x4)

.dtors          0x0000000000026fb4        0x0
                0x0000000000026fb4                __dtors_start__ = .
 *(SORT_BY_NAME(.dtors.*))
 *(.dtors)
 *(.fini_array)
 *(SORT_BY_NAME(.fini_array.*))
                0x0000000000026fb4                __dtors_end__ = (__dtors_start__ + SIZEOF (.dtors))
                0x0000000000000000                __dtors_size__ = SIZEOF (.dtors)
                0x0000000000026fb4                __dtors_load_end__ = __dtors_end__
                0x0000000000000001                . = ASSERT (((__dtors_start__ == __dtors_end__) || ((__dtors_end__ - __FLASH_segment_start__) <= __FLASH_segment_size__)), error: .dtors is too large to fit in FLASH memory segment)
                0x0000000000026fb4                __ctors_load_start__ = ALIGN (__dtors_end__, 0x4)

.ctors          0x0000000000026fb4        0x0
                0x0000000000026fb4                __ctors_start__ = .
 *(SORT_BY_NAME(.ctors.*))
 *(.ctors)
 *(.init_array)
 *(SORT_BY_NAME(.init_array.*))
                0x0000000000026fb4                __ctors_end__ = (__ctors_start__ + SIZEOF (.ctors))
                0x0000000000000000                __ctors_size__ = SIZEOF (.ctors)
                0x0000000000026fb4                __ctors_load_end__ = __ctors_end__
                0x0000000000000001                . = ASSERT (((__ctors_start__ == __ctors_end__) || ((__ctors_end__ - __FLASH_segment_start__) <= __FLASH_segment_size__)), error: .ctors is too large to fit in FLASH memory segment)
                0x0000000000026fb4                __rodata_load_start__ = ALIGN (__ctors_end__, 0x4)

.rodata         0x0000000000026fb4      0xc54
                0x0000000000026fb4                __rodata_start__ = .
 *(.rodata .rodata.* .gnu.linkonce.r.*)
 .rodata        0x0000000000026fb4      0x25b Output/ble_app_uart_pca10040_s132 nrf52832_xxaa/Obj/main.o
 *fill*         0x000000000002720f        0x1 
 .rodata.m_conn_params_timer_id
                0x0000000000027210        0x4 Output/ble_app_uart_pca10040_s132 nrf52832_xxaa/Obj/ble_conn_params.o
 .rodata        0x0000000000027214      0x566 Output/ble_app_uart_pca10040_s132 nrf52832_xxaa/Obj/nrf_ble_gatt.o
 *fill*         0x000000000002777a        0x2 
 .rodata        0x000000000002777c       0x48 Output/ble_app_uart_pca10040_s132 nrf52832_xxaa/Obj/ble_nus.o
 .rodata        0x00000000000277c4        0xf Output/ble_app_uart_pca10040_s132 nrf52832_xxaa/Obj/app_error_weak.o
 *fill*         0x00000000000277d3        0x1 
 .rodata        0x00000000000277d4       0x74 Output/ble_app_uart_pca10040_s132 nrf52832_xxaa/Obj/app_uart_fifo.o
 .rodata        0x0000000000027848        0x7 Output/ble_app_uart_pca10040_s132 nrf52832_xxaa/Obj/nrf_log_backend_serial.o
 *fill*         0x000000000002784f        0x1 
 .rodata        0x0000000000027850       0x17 Output/ble_app_uart_pca10040_s132 nrf52832_xxaa/Obj/SEGGER_RTT.o
 *fill*         0x0000000000027867        0x1 
 .rodata        0x0000000000027868      0x135 Output/ble_app_uart_pca10040_s132 nrf52832_xxaa/Obj/softdevice_handler.o
 *fill*         0x000000000002799d        0x3 
 .rodata.libc.__RAL_ascii_ctype_map
                0x00000000000279a0       0x80 /usr/share/segger_embedded_studio_for_arm_4.16/lib/libc_v7em_fpv4_sp_d16_hard_t_le_eabi.a(libc2.o)
                0x00000000000279a0                __RAL_ascii_ctype_map
 .rodata.libc.__RAL_ascii_ctype_mask
                0x0000000000027a20        0xd /usr/share/segger_embedded_studio_for_arm_4.16/lib/libc_v7em_fpv4_sp_d16_hard_t_le_eabi.a(libc2.o)
 *fill*         0x0000000000027a2d        0x3 
 .rodata.libc.__RAL_c_locale
                0x0000000000027a30        0xc /usr/share/segger_embedded_studio_for_arm_4.16/lib/libc_v7em_fpv4_sp_d16_hard_t_le_eabi.a(libc2.o)
                0x0000000000027a30                __RAL_c_locale
 .rodata.libc.__RAL_c_locale_abbrev_day_names
                0x0000000000027a3c       0x1d /usr/share/segger_embedded_studio_for_arm_4.16/lib/libc_v7em_fpv4_sp_d16_hard_t_le_eabi.a(libc2.o)
                0x0000000000027a3c                __RAL_c_locale_abbrev_day_names
 *fill*         0x0000000000027a59        0x3 
 .rodata.libc.__RAL_c_locale_abbrev_month_names
                0x0000000000027a5c       0x31 /usr/share/segger_embedded_studio_for_arm_4.16/lib/libc_v7em_fpv4_sp_d16_hard_t_le_eabi.a(libc2.o)
                0x0000000000027a5c                __RAL_c_locale_abbrev_month_names
 *fill*         0x0000000000027a8d        0x3 
 .rodata.libc.__RAL_c_locale_am_pm_indicator
                0x0000000000027a90        0x7 /usr/share/segger_embedded_studio_for_arm_4.16/lib/libc_v7em_fpv4_sp_d16_hard_t_le_eabi.a(libc2.o)
                0x0000000000027a90                __RAL_c_locale_am_pm_indicator
 *fill*         0x0000000000027a97        0x1 
 .rodata.libc.__RAL_c_locale_data
                0x0000000000027a98       0x58 /usr/share/segger_embedded_studio_for_arm_4.16/lib/libc_v7em_fpv4_sp_d16_hard_t_le_eabi.a(libc2.o)
                0x0000000000027a98                __RAL_c_locale_data
 .rodata.libc.__RAL_c_locale_date_format
                0x0000000000027af0        0x9 /usr/share/segger_embedded_studio_for_arm_4.16/lib/libc_v7em_fpv4_sp_d16_hard_t_le_eabi.a(libc2.o)
                0x0000000000027af0                __RAL_c_locale_date_format
 *fill*         0x0000000000027af9        0x3 
 .rodata.libc.__RAL_c_locale_date_time_format
                0x0000000000027afc        0xf /usr/share/segger_embedded_studio_for_arm_4.16/lib/libc_v7em_fpv4_sp_d16_hard_t_le_eabi.a(libc2.o)
                0x0000000000027afc                __RAL_c_locale_date_time_format
 *fill*         0x0000000000027b0b        0x1 
 .rodata.libc.__RAL_c_locale_day_names
                0x0000000000027b0c       0x3a /usr/share/segger_embedded_studio_for_arm_4.16/lib/libc_v7em_fpv4_sp_d16_hard_t_le_eabi.a(libc2.o)
                0x0000000000027b0c                __RAL_c_locale_day_names
 *fill*         0x0000000000027b46        0x2 
 .rodata.libc.__RAL_c_locale_month_names
                0x0000000000027b48       0x57 /usr/share/segger_embedded_studio_for_arm_4.16/lib/libc_v7em_fpv4_sp_d16_hard_t_le_eabi.a(libc2.o)
                0x0000000000027b48                __RAL_c_locale_month_names
 *fill*         0x0000000000027b9f        0x1 
 .rodata.libc.__RAL_c_locale_time_format
                0x0000000000027ba0        0x9 /usr/share/segger_embedded_studio_for_arm_4.16/lib/libc_v7em_fpv4_sp_d16_hard_t_le_eabi.a(libc2.o)
                0x0000000000027ba0                __RAL_c_locale_time_format
 *fill*         0x0000000000027ba9        0x3 
 .rodata.libc.__RAL_codeset_ascii
                0x0000000000027bac       0x20 /usr/share/segger_embedded_studio_for_arm_4.16/lib/libc_v7em_fpv4_sp_d16_hard_t_le_eabi.a(libc2.o)
                0x0000000000027bac                __RAL_codeset_ascii
 .rodata.libc.__RAL_data_empty_string
                0x0000000000027bcc        0x1 /usr/share/segger_embedded_studio_for_arm_4.16/lib/libc_v7em_fpv4_sp_d16_hard_t_le_eabi.a(libc2.o)
                0x0000000000027bcc                __RAL_data_empty_string
 *fill*         0x0000000000027bcd        0x3 
 .rodata.libc.__RAL_data_utf8_period
                0x0000000000027bd0        0x2 /usr/share/segger_embedded_studio_for_arm_4.16/lib/libc_v7em_fpv4_sp_d16_hard_t_le_eabi.a(libc2.o)
                0x0000000000027bd0                __RAL_data_utf8_period
 *fill*         0x0000000000027bd2        0x2 
 .rodata.libc.__RAL_find_locale.str1.4
                0x0000000000027bd4        0xa /usr/share/segger_embedded_studio_for_arm_4.16/lib/libc_v7em_fpv4_sp_d16_hard_t_le_eabi.a(libc2.o)
 *fill*         0x0000000000027bde        0x2 
 .rodata.libc.__RAL_hex_lc
                0x0000000000027be0       0x10 /usr/share/segger_embedded_studio_for_arm_4.16/lib/libc_v7em_fpv4_sp_d16_hard_t_le_eabi.a(libc2.o)
                0x0000000000027be0                __RAL_hex_lc
 .rodata.libc.__RAL_hex_uc
                0x0000000000027bf0       0x10 /usr/share/segger_embedded_studio_for_arm_4.16/lib/libc_v7em_fpv4_sp_d16_hard_t_le_eabi.a(libc2.o)
                0x0000000000027bf0                __RAL_hex_uc
 .rodata.libc.__vfprintf_int.str1.4
                0x0000000000027c00        0x8 /usr/share/segger_embedded_studio_for_arm_4.16/lib/libvfprintf_v7em_fpv4_sp_d16_hard_t_le_eabi.o
                                          0x7 (size before relaxing)
                0x0000000000027c08                __rodata_end__ = (__rodata_start__ + SIZEOF (.rodata))
                0x0000000000000c54                __rodata_size__ = SIZEOF (.rodata)
                0x0000000000027c08                __rodata_load_end__ = __rodata_end__

.rel.dyn        0x0000000000000000        0x0
 .rel.iplt      0x0000000000000000        0x0 Output/ble_app_uart_pca10040_s132 nrf52832_xxaa/Obj/ses_nrf52_startup.o
                0x0000000000000001                . = ASSERT (((__rodata_start__ == __rodata_end__) || ((__rodata_end__ - __FLASH_segment_start__) <= __FLASH_segment_size__)), error: .rodata is too large to fit in FLASH memory segment)
                0x0000000000027c08                __ARM.exidx_load_start__ = ALIGN (__rodata_end__, 0x4)

.ARM.exidx      0x0000000000027c08        0x0
                0x0000000000027c08                __ARM.exidx_start__ = .
                0x0000000000027c08                __exidx_start = __ARM.exidx_start__
 *(.ARM.exidx .ARM.exidx.*)
                0x0000000000027c08                __ARM.exidx_end__ = (__ARM.exidx_start__ + SIZEOF (.ARM.exidx))
                0x0000000000000000                __ARM.exidx_size__ = SIZEOF (.ARM.exidx)
                0x0000000000027c08                __exidx_end = __ARM.exidx_end__
                0x0000000000027c08                __ARM.exidx_load_end__ = __ARM.exidx_end__
                0x0000000000000001                . = ASSERT (((__ARM.exidx_start__ == __ARM.exidx_end__) || ((__ARM.exidx_end__ - __FLASH_segment_start__) <= __FLASH_segment_size__)), error: .ARM.exidx is too large to fit in FLASH memory segment)
                0x0000000000027c08                __fast_load_start__ = ALIGN (__ARM.exidx_end__, 0x4)

.fast           0x00000000200025f8        0x0 load address 0x0000000000027c08
                0x00000000200025f8                __fast_start__ = .
 *(.fast .fast.*)
                0x00000000200025f8                __fast_end__ = (__fast_start__ + SIZEOF (.fast))
                0x0000000000000000                __fast_size__ = SIZEOF (.fast)
                0x0000000000027c08                __fast_load_end__ = (__fast_load_start__ + SIZEOF (.fast))
                0x0000000000000001                . = ASSERT (((__fast_load_start__ == __fast_load_end__) || ((__fast_load_end__ - __FLASH_segment_start__) <= __FLASH_segment_size__)), error: .fast is too large to fit in FLASH memory segment)

.fast_run       0x00000000200025f8        0x0
                0x00000000200025f8                __fast_run_start__ = .
                0x00000000200025f8                . = MAX ((__fast_run_start__ + SIZEOF (.fast)), .)
                0x00000000200025f8                __fast_run_end__ = (__fast_run_start__ + SIZEOF (.fast_run))
                0x0000000000000000                __fast_run_size__ = SIZEOF (.fast_run)
                0x00000000200025f8                __fast_run_load_end__ = __fast_run_end__
                0x0000000000000001                . = ASSERT (((__fast_run_start__ == __fast_run_end__) || ((__fast_run_end__ - __RAM_segment_start__) <= __RAM_segment_size__)), error: .fast_run is too large to fit in RAM memory segment)
                0x0000000000027c08                __data_load_start__ = ALIGN ((__fast_load_start__ + SIZEOF (.fast)), 0x4)

.data           0x00000000200025f8       0x2c load address 0x0000000000027c08
                0x00000000200025f8                __data_start__ = .
 *(.data .data.* .gnu.linkonce.d.*)
 .data.SystemCoreClock
                0x00000000200025f8        0x4 Output/ble_app_uart_pca10040_s132 nrf52832_xxaa/Obj/system_nrf52.o
                0x00000000200025f8                SystemCoreClock
 .data.m_conn_handle
                0x00000000200025fc        0x2 Output/ble_app_uart_pca10040_s132 nrf52832_xxaa/Obj/main.o
 *fill*         0x00000000200025fe        0x2 
 .data.m_adv_uuids
                0x0000000020002600        0x4 Output/ble_app_uart_pca10040_s132 nrf52832_xxaa/Obj/main.o
 .data.m_ble_nus_max_data_len
                0x0000000020002604        0x2 Output/ble_app_uart_pca10040_s132 nrf52832_xxaa/Obj/main.o
 *fill*         0x0000000020002606        0x2 
 .data.app_uart_inst
                0x0000000020002608        0x8 Output/ble_app_uart_pca10040_s132 nrf52832_xxaa/Obj/app_uart_fifo.o
 .data.libc.__RAL_global_locale
                0x0000000020002610       0x14 /usr/share/segger_embedded_studio_for_arm_4.16/lib/libc_v7em_fpv4_sp_d16_hard_t_le_eabi.a(libc2.o)
                0x0000000020002610                __RAL_global_locale
                0x0000000020002624                __data_end__ = (__data_start__ + SIZEOF (.data))
                0x000000000000002c                __data_size__ = SIZEOF (.data)
                0x0000000000027c34                __data_load_end__ = (__data_load_start__ + SIZEOF (.data))

.igot.plt       0x0000000100000000        0x0
 .igot.plt      0x0000000100000000        0x0 Output/ble_app_uart_pca10040_s132 nrf52832_xxaa/Obj/ses_nrf52_startup.o
                0x0000000000000001                . = ASSERT (((__data_load_start__ == __data_load_end__) || ((__data_load_end__ - __FLASH_segment_start__) <= __FLASH_segment_size__)), error: .data is too large to fit in FLASH memory segment)

.data_run       0x00000000200025f8       0x2c load address 0x0000000000027c08
                0x00000000200025f8                __data_run_start__ = .
                0x0000000020002624                . = MAX ((__data_run_start__ + SIZEOF (.data)), .)
 *fill*         0x00000000200025f8       0x2c 
                0x0000000020002624                __data_run_end__ = (__data_run_start__ + SIZEOF (.data_run))
                0x000000000000002c                __data_run_size__ = SIZEOF (.data_run)
                0x0000000020002624                __data_run_load_end__ = __data_run_end__
                0x0000000000000001                . = ASSERT (((__data_run_start__ == __data_run_end__) || ((__data_run_end__ - __RAM_segment_start__) <= __RAM_segment_size__)), error: .data_run is too large to fit in RAM memory segment)
                0x0000000000027c34                __tdata_load_start__ = ALIGN ((__data_load_start__ + SIZEOF (.data)), 0x4)

.tdata          0x0000000020002624        0x0 load address 0x0000000000027c34
                0x0000000020002624                __tdata_start__ = .
 *(.tdata .tdata.*)
                0x0000000020002624                __tdata_end__ = (__tdata_start__ + SIZEOF (.tdata))
                0x0000000000000000                __tdata_size__ = SIZEOF (.tdata)
                0x0000000000027c34                __tdata_load_end__ = (__tdata_load_start__ + SIZEOF (.tdata))
                0x0000000000000001                . = ASSERT (((__tdata_load_start__ == __tdata_load_end__) || ((__tdata_load_end__ - __FLASH_segment_start__) <= __FLASH_segment_size__)), error: .tdata is too large to fit in FLASH memory segment)

.tdata_run      0x0000000020002624        0x0
                0x0000000020002624                __tdata_run_start__ = .
                0x0000000020002624                . = MAX ((__tdata_run_start__ + SIZEOF (.tdata)), .)
                0x0000000020002624                __tdata_run_end__ = (__tdata_run_start__ + SIZEOF (.tdata_run))
                0x0000000000000000                __tdata_run_size__ = SIZEOF (.tdata_run)
                0x0000000020002624                __tdata_run_load_end__ = __tdata_run_end__
                0x0000000000000001                . = ASSERT (((__tdata_run_start__ == __tdata_run_end__) || ((__tdata_run_end__ - __RAM_segment_start__) <= __RAM_segment_size__)), error: .tdata_run is too large to fit in RAM memory segment)
                0x0000000000027c34                __fs_data_load_start__ = ALIGN ((__tdata_load_start__ + SIZEOF (.tdata)), 0x4)

.fs_data        0x0000000020002624        0x0 load address 0x0000000000027c34
                0x0000000020002624                __fs_data_start__ = .
 *(.fs_data .fs_data.*)
                0x0000000020002624                __fs_data_end__ = (__fs_data_start__ + SIZEOF (.fs_data))
                0x0000000000000000                __fs_data_size__ = SIZEOF (.fs_data)
                0x0000000000027c34                __fs_data_load_end__ = (__fs_data_load_start__ + SIZEOF (.fs_data))
                0x0000000000027c34                __FLASH_segment_used_end__ = (ALIGN ((__tdata_load_start__ + SIZEOF (.tdata)), 0x4) + SIZEOF (.fs_data))
                0x0000000000027c34                __FLASH_segment_used_size__ = (__FLASH_segment_used_end__ - __FLASH_segment_start__)
                0x0000000000000001                . = ASSERT (((__fs_data_load_start__ == __fs_data_load_end__) || ((__fs_data_load_end__ - __FLASH_segment_start__) <= __FLASH_segment_size__)), error: .fs_data is too large to fit in FLASH memory segment)

.fs_data_run    0x0000000020002624        0x0
                0x0000000020002624                __fs_data_run_start__ = .
                0x0000000020002624                __start_fs_data = __fs_data_run_start__
                0x0000000020002624                . = MAX ((__fs_data_run_start__ + SIZEOF (.fs_data)), .)
                0x0000000020002624                __fs_data_run_end__ = (__fs_data_run_start__ + SIZEOF (.fs_data_run))
                0x0000000000000000                __fs_data_run_size__ = SIZEOF (.fs_data_run)
                0x0000000020002624                __stop_fs_data = __fs_data_run_end__
                0x0000000020002624                __fs_data_run_load_end__ = __fs_data_run_end__
                0x0000000000000001                . = ASSERT (((__fs_data_run_start__ == __fs_data_run_end__) || ((__fs_data_run_end__ - __RAM_segment_start__) <= __RAM_segment_size__)), error: .fs_data_run is too large to fit in RAM memory segment)
                0x0000000020002624                __bss_load_start__ = ALIGN (__fs_data_run_end__, 0x4)

.bss            0x0000000020002624     0x1a20
                0x0000000020002624                __bss_start__ = .
 *(.bss .bss.* .gnu.linkonce.b.*)
 .bss.m_nus     0x0000000020002624       0x1c Output/ble_app_uart_pca10040_s132 nrf52832_xxaa/Obj/main.o
 .bss.m_gatt    0x0000000020002640       0x1c Output/ble_app_uart_pca10040_s132 nrf52832_xxaa/Obj/main.o
 .bss._buffer   0x000000002000265c     0x1000 Output/ble_app_uart_pca10040_s132 nrf52832_xxaa/Obj/main.o
 .bss.BLE_EVT_BUFFER.11226
                0x000000002000365c       0xd8 Output/ble_app_uart_pca10040_s132 nrf52832_xxaa/Obj/main.o
 .bss.index.11262
                0x0000000020003734        0x1 Output/ble_app_uart_pca10040_s132 nrf52832_xxaa/Obj/main.o
 *fill*         0x0000000020003735        0x3 
 .bss.data_array.11261
                0x0000000020003738       0x9b Output/ble_app_uart_pca10040_s132 nrf52832_xxaa/Obj/main.o
 *fill*         0x00000000200037d3        0x1 
 .bss.rx_buf.11278
                0x00000000200037d4      0x100 Output/ble_app_uart_pca10040_s132 nrf52832_xxaa/Obj/main.o
 .bss.tx_buf.11279
                0x00000000200038d4      0x100 Output/ble_app_uart_pca10040_s132 nrf52832_xxaa/Obj/main.o
 .bss.m_events_list
                0x00000000200039d4        0x3 Output/ble_app_uart_pca10040_s132 nrf52832_xxaa/Obj/bsp.o
 *fill*         0x00000000200039d7        0x1 
 .bss.m_error_handler
                0x00000000200039d8        0x4 Output/ble_app_uart_pca10040_s132 nrf52832_xxaa/Obj/bsp_btn_ble.o
 .bss.m_num_connections
                0x00000000200039dc        0x4 Output/ble_app_uart_pca10040_s132 nrf52832_xxaa/Obj/bsp_btn_ble.o
 .bss.m_initialized
                0x00000000200039e0        0x1 Output/ble_app_uart_pca10040_s132 nrf52832_xxaa/Obj/ble_advertising.o
 .bss.m_advertising_start_pending
                0x00000000200039e1        0x1 Output/ble_app_uart_pca10040_s132 nrf52832_xxaa/Obj/ble_advertising.o
 .bss.m_adv_evt
                0x00000000200039e2        0x1 Output/ble_app_uart_pca10040_s132 nrf52832_xxaa/Obj/ble_advertising.o
 .bss.m_adv_mode_current
                0x00000000200039e3        0x1 Output/ble_app_uart_pca10040_s132 nrf52832_xxaa/Obj/ble_advertising.o
 .bss.m_adv_modes_config
                0x00000000200039e4       0x20 Output/ble_app_uart_pca10040_s132 nrf52832_xxaa/Obj/ble_advertising.o
 .bss.m_conn_cfg_tag
                0x0000000020003a04        0x1 Output/ble_app_uart_pca10040_s132 nrf52832_xxaa/Obj/ble_advertising.o
 *fill*         0x0000000020003a05        0x3 
 .bss.m_peer_address
                0x0000000020003a08        0x7 Output/ble_app_uart_pca10040_s132 nrf52832_xxaa/Obj/ble_advertising.o
 .bss.m_peer_addr_reply_expected
                0x0000000020003a0f        0x1 Output/ble_app_uart_pca10040_s132 nrf52832_xxaa/Obj/ble_advertising.o
 .bss.m_advdata
                0x0000000020003a10       0x3c Output/ble_app_uart_pca10040_s132 nrf52832_xxaa/Obj/ble_advertising.o
 .bss.m_manuf_specific_data
                0x0000000020003a4c        0xc Output/ble_app_uart_pca10040_s132 nrf52832_xxaa/Obj/ble_advertising.o
 .bss.m_manuf_data_array
                0x0000000020003a58       0x1f Output/ble_app_uart_pca10040_s132 nrf52832_xxaa/Obj/ble_advertising.o
 *fill*         0x0000000020003a77        0x1 
 .bss.m_service_data
                0x0000000020003a78        0xc Output/ble_app_uart_pca10040_s132 nrf52832_xxaa/Obj/ble_advertising.o
 .bss.m_service_data_array
                0x0000000020003a84       0x1f Output/ble_app_uart_pca10040_s132 nrf52832_xxaa/Obj/ble_advertising.o
 *fill*         0x0000000020003aa3        0x1 
 .bss.m_slave_conn_int
                0x0000000020003aa4        0x4 Output/ble_app_uart_pca10040_s132 nrf52832_xxaa/Obj/ble_advertising.o
 .bss.m_current_slave_link_conn_handle
                0x0000000020003aa8        0x2 Output/ble_app_uart_pca10040_s132 nrf52832_xxaa/Obj/ble_advertising.o
 *fill*         0x0000000020003aaa        0x2 
 .bss.m_evt_handler
                0x0000000020003aac        0x4 Output/ble_app_uart_pca10040_s132 nrf52832_xxaa/Obj/ble_advertising.o
 .bss.m_error_handler
                0x0000000020003ab0        0x4 Output/ble_app_uart_pca10040_s132 nrf52832_xxaa/Obj/ble_advertising.o
 .bss.m_whitelist_temporarily_disabled
                0x0000000020003ab4        0x1 Output/ble_app_uart_pca10040_s132 nrf52832_xxaa/Obj/ble_advertising.o
 .bss.m_whitelist_reply_expected
                0x0000000020003ab5        0x1 Output/ble_app_uart_pca10040_s132 nrf52832_xxaa/Obj/ble_advertising.o
 .bss.m_whitelist_in_use
                0x0000000020003ab6        0x1 Output/ble_app_uart_pca10040_s132 nrf52832_xxaa/Obj/ble_advertising.o
 *fill*         0x0000000020003ab7        0x1 
 .bss.m_conn_params_config
                0x0000000020003ab8       0x1c Output/ble_app_uart_pca10040_s132 nrf52832_xxaa/Obj/ble_conn_params.o
 .bss.m_preferred_conn_params
                0x0000000020003ad4        0x8 Output/ble_app_uart_pca10040_s132 nrf52832_xxaa/Obj/ble_conn_params.o
 .bss.m_update_count
                0x0000000020003adc        0x1 Output/ble_app_uart_pca10040_s132 nrf52832_xxaa/Obj/ble_conn_params.o
 *fill*         0x0000000020003add        0x1 
 .bss.m_conn_handle
                0x0000000020003ade        0x2 Output/ble_app_uart_pca10040_s132 nrf52832_xxaa/Obj/ble_conn_params.o
 .bss.m_current_conn_params
                0x0000000020003ae0        0x8 Output/ble_app_uart_pca10040_s132 nrf52832_xxaa/Obj/ble_conn_params.o
 .bss.m_conn_params_timer_id_data
                0x0000000020003ae8       0x20 Output/ble_app_uart_pca10040_s132 nrf52832_xxaa/Obj/ble_conn_params.o
 .bss.m_change_param
                0x0000000020003b08        0x1 Output/ble_app_uart_pca10040_s132 nrf52832_xxaa/Obj/ble_conn_params.o
 *fill*         0x0000000020003b09        0x3 
 .bss.m_clock_cb
                0x0000000020003b0c       0x14 Output/ble_app_uart_pca10040_s132 nrf52832_xxaa/Obj/nrf_drv_clock.o
 .bss.m_cb      0x0000000020003b20       0x58 Output/ble_app_uart_pca10040_s132 nrf52832_xxaa/Obj/nrf_drv_gpiote.o
 .bss.m_cb      0x0000000020003b78       0x20 Output/ble_app_uart_pca10040_s132 nrf52832_xxaa/Obj/nrf_drv_uart.o
 .bss.m_error_data.8137
                0x0000000020003b98       0x20 Output/ble_app_uart_pca10040_s132 nrf52832_xxaa/Obj/app_error.o
 .bss.m_op_queue
                0x0000000020003bb8      0x10c Output/ble_app_uart_pca10040_s132 nrf52832_xxaa/Obj/app_timer.o
 .bss.mp_timer_id_head
                0x0000000020003cc4        0x4 Output/ble_app_uart_pca10040_s132 nrf52832_xxaa/Obj/app_timer.o
 .bss.m_ticks_latest
                0x0000000020003cc8        0x4 Output/ble_app_uart_pca10040_s132 nrf52832_xxaa/Obj/app_timer.o
 .bss.m_ticks_elapsed
                0x0000000020003ccc        0x8 Output/ble_app_uart_pca10040_s132 nrf52832_xxaa/Obj/app_timer.o
 .bss.m_ticks_elapsed_q_read_ind
                0x0000000020003cd4        0x1 Output/ble_app_uart_pca10040_s132 nrf52832_xxaa/Obj/app_timer.o
 .bss.m_ticks_elapsed_q_write_ind
                0x0000000020003cd5        0x1 Output/ble_app_uart_pca10040_s132 nrf52832_xxaa/Obj/app_timer.o
 .bss.m_rtc1_running
                0x0000000020003cd6        0x1 Output/ble_app_uart_pca10040_s132 nrf52832_xxaa/Obj/app_timer.o
 .bss.m_rtc1_reset
                0x0000000020003cd7        0x1 Output/ble_app_uart_pca10040_s132 nrf52832_xxaa/Obj/app_timer.o
 .bss.m_event_handler
                0x0000000020003cd8        0x4 Output/ble_app_uart_pca10040_s132 nrf52832_xxaa/Obj/app_uart_fifo.o
 .bss.tx_buffer
                0x0000000020003cdc        0x1 Output/ble_app_uart_pca10040_s132 nrf52832_xxaa/Obj/app_uart_fifo.o
 *fill*         0x0000000020003cdd        0x3 
 .bss.rx_buffer
                0x0000000020003ce0        0x1 Output/ble_app_uart_pca10040_s132 nrf52832_xxaa/Obj/app_uart_fifo.o
 .bss.m_rx_ovf  0x0000000020003ce1        0x1 Output/ble_app_uart_pca10040_s132 nrf52832_xxaa/Obj/app_uart_fifo.o
 *fill*         0x0000000020003ce2        0x2 
 .bss.m_rx_fifo
                0x0000000020003ce4       0x10 Output/ble_app_uart_pca10040_s132 nrf52832_xxaa/Obj/app_uart_fifo.o
 .bss.m_tx_fifo
                0x0000000020003cf4       0x10 Output/ble_app_uart_pca10040_s132 nrf52832_xxaa/Obj/app_uart_fifo.o
 .bss.nrf_nvic_state
                0x0000000020003d04        0xc Output/ble_app_uart_pca10040_s132 nrf52832_xxaa/Obj/app_util_platform.o
                0x0000000020003d04                nrf_nvic_state
 .bss.m_queue   0x0000000020003d10       0x68 Output/ble_app_uart_pca10040_s132 nrf52832_xxaa/Obj/fstorage.o
 .bss.m_initialized
                0x0000000020003d78        0x1 Output/ble_app_uart_pca10040_s132 nrf52832_xxaa/Obj/nrf_log_backend_serial.o
 .bss.m_blocking_mode
                0x0000000020003d79        0x1 Output/ble_app_uart_pca10040_s132 nrf52832_xxaa/Obj/nrf_log_backend_serial.o
 *fill*         0x0000000020003d7a        0x2 
 .bss.m_log_data
                0x0000000020003d7c       0x1c Output/ble_app_uart_pca10040_s132 nrf52832_xxaa/Obj/nrf_log_frontend.o
 .bss._acUpBuffer
                0x0000000020003d98      0x200 Output/ble_app_uart_pca10040_s132 nrf52832_xxaa/Obj/SEGGER_RTT.o
 .bss._acDownBuffer
                0x0000000020003f98       0x10 Output/ble_app_uart_pca10040_s132 nrf52832_xxaa/Obj/SEGGER_RTT.o
 .bss._SEGGER_RTT
                0x0000000020003fa8       0x78 Output/ble_app_uart_pca10040_s132 nrf52832_xxaa/Obj/SEGGER_RTT.o
                0x0000000020003fa8                _SEGGER_RTT
 .bss.m_evt_schedule_func
                0x0000000020004020        0x4 Output/ble_app_uart_pca10040_s132 nrf52832_xxaa/Obj/softdevice_handler.o
 .bss.m_sys_evt_handler
                0x0000000020004024        0x4 Output/ble_app_uart_pca10040_s132 nrf52832_xxaa/Obj/softdevice_handler.o
 .bss.m_softdevice_enabled
                0x0000000020004028        0x1 Output/ble_app_uart_pca10040_s132 nrf52832_xxaa/Obj/softdevice_handler.o
 .bss.m_suspended
                0x0000000020004029        0x1 Output/ble_app_uart_pca10040_s132 nrf52832_xxaa/Obj/softdevice_handler.o
 *fill*         0x000000002000402a        0x2 
 .bss.mp_ble_evt_buffer
                0x000000002000402c        0x4 Output/ble_app_uart_pca10040_s132 nrf52832_xxaa/Obj/softdevice_handler.o
 .bss.m_ble_evt_buffer_size
                0x0000000020004030        0x2 Output/ble_app_uart_pca10040_s132 nrf52832_xxaa/Obj/softdevice_handler.o
 *fill*         0x0000000020004032        0x2 
 .bss.m_ble_evt_handler
                0x0000000020004034        0x4 Output/ble_app_uart_pca10040_s132 nrf52832_xxaa/Obj/softdevice_handler.o
 .bss.libc.__user_format_extender
                0x0000000020004038        0x4 /usr/share/segger_embedded_studio_for_arm_4.16/lib/libc_v7em_fpv4_sp_d16_hard_t_le_eabi.a(libc2.o)
                0x0000000020004038                __user_format_extender
 .bss.libdebugio.dbgCntrlWord_mempoll